Microchip MPLAB XC8 Compiler V1.12 ()

Linker command line:

--edf=C:\Program Files\Microchip\xc8\v1.12\dat\en_msgs.txt -cs \
  -h+dist/default/production\mamba3.X.production.sym -z -Q18F45K20 -ol.obj \
  -Mdist/default/production/mamba3.X.production.map -E1 -ver=XC8 \
  -ACODE=00h-07FFFh -ACONST=00h-07FFFh -ASMALLCONST=0600h-06FFhx122 \
  -AMEDIUMCONST=0600h-07FFFh -ACOMRAM=01h-05Fh -AABS1=00h-05FFh \
  -ABIGRAM=01h-05FFh -ARAM=060h-0FFh,0100h-01FFhx5 -ABANK0=060h-0FFh \
  -ABANK1=0100h-01FFh -ABANK2=0200h-02FFh -ABANK3=0300h-03FFh \
  -ABANK4=0400h-04FFh -ABANK5=0500h-05FFh -ASFR=0F60h-0FFFh \
  -preset_vec=00h,intcode=08h,intcodelo,powerup,init,end_init \
  -pramtop=0600h -psmallconst=SMALLCONST -pmediumconst=MEDIUMCONST \
  -pconst=CONST -AFARRAM=00h-00h -ACONFIG=0300000h-030000Dh -pconfig=CONFIG \
  -AIDLOC=0200000h-0200007h -pidloc=IDLOC -AEEDATA=0F00000h-0F000FFh \
  -peeprom_data=EEDATA \
  -prdata=COMRAM,nvrram=COMRAM,nvbit=COMRAM,rbss=COMRAM,rbit=COMRAM \
  -pfarbss=FARRAM,fardata=FARRAM \
  -pintsave_regs=BIGRAM,bigbss=BIGRAM,bigdata=BIGRAM -pbss=RAM \
  -pidata=CODE,irdata=CODE,ibigdata=CODE,ifardata=CODE \
  C:\Users\Lenovo\AppData\Local\Temp\s768.obj \
  dist/default/production\mamba3.X.production.obj 

Object code version is 3.10

Machine type is 18F45K20

Call graph: (short form)




                Name                               Link     Load   Length Selector   Space Scale
C:\Users\Lenovo\AppData\Local\Temp\s768.obj
                end_init                             28       28        4        4       0
                reset_vec                             0        0        4        0       0
                idloc                            200000   200000        8   200000       0
                config                           300000   300000        E   300000       0
dist/default/production\mamba3.X.production.obj
                intcode                               8        8       20        4       0
                mediumconst                        7D86     7D86      27A     3EC3       0
                text15                              27C      27C       10        4       0
                text13                              25A      25A       12        4       0
                text12                               94       94       54        4       0
                text11                              248      248       12        4       0
                text10                              28C      28C        E        4       0
                text9                               26C      26C       10        4       0
                text8                               2A2      2A2        6        4       0
                text7                               1C8      1C8       2A        4       0
                text6                               13A      13A       4A        4       0
                text5                               29A      29A        8        4       0
                text4                               184      184       44        4       0
                text3                                2C       2C       68        4       0
                text2                               21A      21A       1C        4       0
                text1                               236      236       12        4       0
                text0                               1F2      1F2       28        4       0
                cstackCOMRAM                         48       48        A        1       1
                bssBANK4                            400      400       95      400       1
                bssBANK3                            300      300       CF      300       1
                bssBANK2                            200      200       7F      200       1
                bssBANK1                            100      100       FE      100       1
                bssBANK0                             60       60       88       60       1
                bssCOMRAM                             1        1       47        1       1
                cinit                                E8       E8       52        4       0

TOTAL           Name                               Link     Load   Length     Space
        CLASS   CODE           
                end_init                             28       28        4         0
                intcode                               8        8       20         0
                reset_vec                             0        0        4         0
                text15                              27C      27C       10         0
                text13                              25A      25A       12         0
                text12                               94       94       54         0
                text11                              248      248       12         0
                text10                              28C      28C        E         0
                text9                               26C      26C       10         0
                text8                               2A2      2A2        6         0
                text7                               1C8      1C8       2A         0
                text6                               13A      13A       4A         0
                text5                               29A      29A        8         0
                text4                               184      184       44         0
                text3                                2C       2C       68         0
                text2                               21A      21A       1C         0
                text1                               236      236       12         0
                text0                               1F2      1F2       28         0
                cinit                                E8       E8       52         0

        CLASS   CONST          

        CLASS   SMALLCONST     

        CLASS   MEDIUMCONST    
                mediumconst                        7D86     7D86      27A         0

        CLASS   COMRAM         
                cstackCOMRAM                         48       48        A         1
                bssCOMRAM                             1        1       47         1

        CLASS   ABS1           

        CLASS   BIGRAM         

        CLASS   RAM            

        CLASS   BANK0          
                bssBANK0                             60       60       88         1

        CLASS   BANK1          
                bssBANK1                            100      100       FE         1

        CLASS   BANK2          
                bssBANK2                            200      200       7F         1

        CLASS   BANK3          
                bssBANK3                            300      300       CF         1

        CLASS   BANK4          
                bssBANK4                            400      400       95         1

        CLASS   BANK5          

        CLASS   SFR            

        CLASS   FARRAM         

        CLASS   CONFIG         
                config                           300000   300000        E         0

        CLASS   IDLOC          
                idloc                            200000   200000        8         0

        CLASS   EEDATA         



SEGMENTS        Name                           Load    Length   Top    Selector   Space  Class

                reset_vec                      000000  000004  000004         0       0  CODE    
                bssCOMRAM                      000001  000051  000052         1       1  COMRAM  
                intcode                        000008  0002A0  0002A8         4       0  CODE    
                bssBANK0                       000060  000088  0000E8        60       1  BANK0   
                bssBANK1                       000100  0000FE  0001FE       100       1  BANK1   
                bssBANK2                       000200  00007F  00027F       200       1  BANK2   
                bssBANK3                       000300  0000CF  0003CF       300       1  BANK3   
                bssBANK4                       000400  000095  000495       400       1  BANK4   
                mediumconst                    007D86  00027A  008000      3EC3       0  MEDIUMCO
                idloc                          200000  000008  200008    200000       0  IDLOC   
                config                         300000  00000E  30000E    300000       0  CONFIG  


UNUSED ADDRESS RANGES

        Name                Unused          Largest block    Delta
        BANK0            0000E8-0000FF               18
        BANK1            0001FE-0001FF                2
        BANK2            00027F-0002FF               81
        BANK3            0003CF-0003FF               31
        BANK4            000495-0004FF               6B
        BANK5            000500-0005FF              100
        BIGRAM           000052-00005F                E
                         0000E8-0000FF               18
                         0001FE-0001FF                2
                         00027F-0002FF               81
                         0003CF-0003FF               31
                         000495-0005FF              16B
        CODE             000004-000007                4
                         0002A8-007D85             7ADE
        COMRAM           000052-00005F                E
        CONST            000004-000007                4
                         0002A8-007D85             7ADE
        EEDATA           F00000-F000FF              100
        MEDIUMCONST      000600-007D85             7786
        RAM              0000E8-0000FF               18
                         0001FE-0001FF                2
                         00027F-0002FF               81
                         0003CF-0003FF               31
                         000495-0005FF               6B
        SFR              000F60-000FFF               A0
        SMALLCONST       000600-007D85              100

                                  Symbol Table

?_delay_ms                          cstackCOMRAM 000048
?_rd_buffer_init                    cstackCOMRAM 000048
_ADCON0                             (abs)        000FC2
_ADCON0bits                         (abs)        000FC2
_ADCON1                             (abs)        000FC1
_ADCON2                             (abs)        000FC0
_ADIF                               (abs)        007CF6
_ADRES                              (abs)        000FC3
_ANSEL                              (abs)        000F7E
_ANSELH                             (abs)        000F7F
_BAUDCON                            (abs)        000FB8
_BAUDCTL                            (abs)        000FB8
_CREN                               (abs)        007D5C
_GODONE                             (abs)        007E11
_INTCONbits                         (abs)        000FF2
_LATC                               (abs)        000F8B
_LATD                               (abs)        000F8C
_LATDbits                           (abs)        000F8C
_OSCCON                             (abs)        000FD3
_RCIF                               (abs)        007CF5
_RCREG                              (abs)        000FAE
_RCSTA                              (abs)        000FAB
_RCSTAbits                          (abs)        000FAB
_SPBRG                              (abs)        000FAF
_TMR0                               (abs)        000FD6
_TMR0IF                             (abs)        007F92
_TRISA                              (abs)        000F92
_TRISB                              (abs)        000F93
_TRISC                              (abs)        000F94
_TRISD                              (abs)        000F95
_TXIF                               (abs)        007CF4
_TXREG                              (abs)        000FAD
_TXSTA                              (abs)        000FAC
__CFG_BOREN$OFF                     (abs)        000000
__CFG_BORV$27                       (abs)        000000
__CFG_CCP2MX$PORTC                  (abs)        000000
__CFG_CP0$OFF                       (abs)        000000
__CFG_CP1$OFF                       (abs)        000000
__CFG_CP2$OFF                       (abs)        000000
__CFG_CP3$OFF                       (abs)        000000
__CFG_CPB$OFF                       (abs)        000000
__CFG_CPD$OFF                       (abs)        000000
__CFG_EBTR0$OFF                     (abs)        000000
__CFG_EBTR1$OFF                     (abs)        000000
__CFG_EBTR2$OFF                     (abs)        000000
__CFG_EBTR3$OFF                     (abs)        000000
__CFG_EBTRB$OFF                     (abs)        000000
__CFG_FCMEN$OFF                     (abs)        000000
__CFG_FOSC$INTIO67                  (abs)        000000
__CFG_HFOFST$ON                     (abs)        000000
__CFG_IESO$OFF                      (abs)        000000
__CFG_LPT1OSC$ON                    (abs)        000000
__CFG_LVP$OFF                       (abs)        000000
__CFG_MCLRE$OFF                     (abs)        000000
__CFG_PBADEN$OFF                    (abs)        000000
__CFG_PWRT$ON                       (abs)        000000
__CFG_STVREN$ON                     (abs)        000000
__CFG_WDTEN$ON                      (abs)        000000
__CFG_WDTPS$1024                    (abs)        000000
__CFG_WRT0$OFF                      (abs)        000000
__CFG_WRT1$OFF                      (abs)        000000
__CFG_WRT2$OFF                      (abs)        000000
__CFG_WRT3$OFF                      (abs)        000000
__CFG_WRTB$OFF                      (abs)        000000
__CFG_WRTC$OFF                      (abs)        000000
__CFG_WRTD$OFF                      (abs)        000000
__CFG_XINST$OFF                     (abs)        000000
__HRAM                              (abs)        000000
__Habs1                             abs1         000000
__Hbank0                            bank0        000000
__Hbank1                            bank1        000000
__Hbank2                            bank2        000000
__Hbank3                            bank3        000000
__Hbank4                            bank4        000000
__Hbank5                            bank5        000000
__Hbigbss                           bigbss       000000
__Hbigdata                          bigdata      000000
__Hbigram                           bigram       000000
__Hbss                              bss          000000
__HbssBANK0                         bssBANK0     000000
__HbssBANK1                         bssBANK1     000000
__HbssBANK2                         bssBANK2     000000
__HbssBANK3                         bssBANK3     000000
__HbssBANK4                         bssBANK4     000000
__HbssCOMRAM                        bssCOMRAM    000000
__Hcinit                            cinit        000000
__Hclrtext                          clrtext      000000
__Hcomram                           comram       000000
__Hconfig                           config       30000E
__Hconst                            const        000000
__HcstackCOMRAM                     cstackCOMRAM 000000
__Hdata                             data         000000
__Heeprom_data                      eeprom_data  000000
__Hend_init                         end_init     00002C
__Hfarbss                           farbss       000000
__Hfardata                          fardata      000000
__Hibigdata                         ibigdata     000000
__Hidata                            idata        000000
__Hidloc                            idloc        200008
__Hifardata                         ifardata     000000
__Hinit                             init         000028
__Hintcode                          intcode      000028
__Hintcode_body                     intcode_body 000000
__Hintcodelo                        intcodelo    000028
__Hintentry                         intentry     000000
__Hintret                           intret       000000
__Hintsave_regs                     intsave_regs 000000
__Hirdata                           irdata       000000
__Hmediumconst                      mediumconst  008000
__Hnvbit                            nvbit        000000
__Hnvrram                           nvrram       000000
__Hparam                            rparam       000000
__Hpowerup                          powerup      000028
__Hram                              ram          000000
__Hramtop                           ramtop       000600
__Hrbit                             rbit         000000
__Hrbss                             rbss         000000
__Hrdata                            rdata        000000
__Hreset_vec                        reset_vec    000004
__Hrparam                           rparam       000000
__Hsfr                              sfr          000000
__Hsmallconst                       smallconst   000000
__Hstruct                           struct       000000
__Htemp                             temp         000000
__Htext                             text         000000
__Htext0                            text0        000000
__Htext1                            text1        000000
__Htext10                           text10       000000
__Htext11                           text11       000000
__Htext12                           text12       000000
__Htext13                           text13       000000
__Htext15                           text15       000000
__Htext2                            text2        000000
__Htext3                            text3        000000
__Htext4                            text4        000000
__Htext5                            text5        000000
__Htext6                            text6        000000
__Htext7                            text7        000000
__Htext8                            text8        000000
__Htext9                            text9        000000
__LRAM                              (abs)        000001
__Labs1                             abs1         000000
__Lbank0                            bank0        000000
__Lbank1                            bank1        000000
__Lbank2                            bank2        000000
__Lbank3                            bank3        000000
__Lbank4                            bank4        000000
__Lbank5                            bank5        000000
__Lbigbss                           bigbss       000000
__Lbigdata                          bigdata      000000
__Lbigram                           bigram       000000
__Lbss                              bss          000000
__LbssBANK0                         bssBANK0     000000
__LbssBANK1                         bssBANK1     000000
__LbssBANK2                         bssBANK2     000000
__LbssBANK3                         bssBANK3     000000
__LbssBANK4                         bssBANK4     000000
__LbssCOMRAM                        bssCOMRAM    000000
__Lcinit                            cinit        000000
__Lclrtext                          clrtext      000000
__Lcomram                           comram       000000
__Lconfig                           config       300000
__Lconst                            const        000000
__LcstackCOMRAM                     cstackCOMRAM 000000
__Ldata                             data         000000
__Leeprom_data                      eeprom_data  000000
__Lend_init                         end_init     000028
__Lfarbss                           farbss       000000
__Lfardata                          fardata      000000
__Libigdata                         ibigdata     000000
__Lidata                            idata        000000
__Lidloc                            idloc        200000
__Lifardata                         ifardata     000000
__Linit                             init         000028
__Lintcode                          intcode      000008
__Lintcode_body                     intcode_body 000000
__Lintcodelo                        intcodelo    000028
__Lintentry                         intentry     000000
__Lintret                           intret       000000
__Lintsave_regs                     intsave_regs 000000
__Lirdata                           irdata       000000
__Lmediumconst                      mediumconst  007D86
__Lnvbit                            nvbit        000000
__Lnvrram                           nvrram       000000
__Lparam                            rparam       000000
__Lpowerup                          powerup      000028
__Lram                              ram          000000
__Lramtop                           ramtop       000600
__Lrbit                             rbit         000000
__Lrbss                             rbss         000000
__Lrdata                            rdata        000000
__Lreset_vec                        reset_vec    000000
__Lrparam                           rparam       000000
__Lsfr                              sfr          000000
__Lsmallconst                       smallconst   000000
__Lstruct                           struct       000000
__Ltemp                             temp         000000
__Ltext                             text         000000
__Ltext0                            text0        000000
__Ltext1                            text1        000000
__Ltext10                           text10       000000
__Ltext11                           text11       000000
__Ltext12                           text12       000000
__Ltext13                           text13       000000
__Ltext15                           text15       000000
__Ltext2                            text2        000000
__Ltext3                            text3        000000
__Ltext4                            text4        000000
__Ltext5                            text5        000000
__Ltext6                            text6        000000
__Ltext7                            text7        000000
__Ltext8                            text8        000000
__Ltext9                            text9        000000
__S0                                (abs)        30000E
__S1                                (abs)        000495
__accesstop                         (abs)        000060
__activetblptr                      (abs)        000002
__end_of__initialization            cinit        000130
__end_of_adc_init                   text11       00025A
__end_of_delay_interrupt_service    text15       00028C
__end_of_delay_ms                   text1        000248
__end_of_gpio_init                  text13       00026C
__end_of_isr_high                   intcode      000028
__end_of_main                       text1        000236
__end_of_rd_buffer_init             text12       0000E8
__end_of_scheduler_empty            text5        0002A2
__end_of_scheduler_event_clear      text4        0001C8
__end_of_scheduler_process          text2        000236
__end_of_startup                    text7        0001F2
__end_of_sysclk_init                text8        0002A8
__end_of_sysclk_setup_intosc        text9        00027C
__end_of_syx_cmd_list               mediumconst  007FFF
__end_of_syx_param_list             mediumconst  007F96
__end_of_this_execute_event         text6        000184
__end_of_this_get_next              text3        000094
__end_of_uart_init                  text10       00029A
__initialization                    cinit        0000E8
__mediumconst                       mediumconst  007D86
__pbssBANK0                         bssBANK0     000060
__pbssBANK1                         bssBANK1     000100
__pbssBANK2                         bssBANK2     000200
__pbssBANK3                         bssBANK3     000300
__pbssBANK4                         bssBANK4     000400
__pbssCOMRAM                        bssCOMRAM    000001
__pcinit                            cinit        0000E8
__pcstackCOMRAM                     cstackCOMRAM 000048
__pintcode                          intcode      000008
__pmediumconst                      mediumconst  007D86
__ptext0                            text0        0001F2
__ptext1                            text1        000236
__ptext10                           text10       00028C
__ptext11                           text11       000248
__ptext12                           text12       000094
__ptext13                           text13       00025A
__ptext15                           text15       00027C
__ptext2                            text2        00021A
__ptext3                            text3        00002C
__ptext4                            text4        000184
__ptext5                            text5        00029A
__ptext6                            text6        00013A
__ptext7                            text7        0001C8
__ptext8                            text8        0002A2
__ptext9                            text9        00026C
__ramtop                            ramtop       000600
__size_of_adc_init                  (abs)        000000
__size_of_delay_interrupt_service   (abs)        000000
__size_of_delay_ms                  (abs)        000000
__size_of_gpio_init                 (abs)        000000
__size_of_isr_high                  (abs)        000000
__size_of_main                      (abs)        000000
__size_of_rd_buffer_init            (abs)        000000
__size_of_scheduler_empty           (abs)        000000
__size_of_scheduler_event_clear     (abs)        000000
__size_of_scheduler_process         (abs)        000000
__size_of_startup                   (abs)        000000
__size_of_sysclk_init               (abs)        000000
__size_of_sysclk_setup_intosc       (abs)        000000
__size_of_this_execute_event        (abs)        000000
__size_of_this_get_next             (abs)        000000
__size_of_uart_init                 (abs)        000000
__smallconst                        smallconst   000000
_adc_init                           text11       000248
_bitcount                           bssCOMRAM    000043
_cla_detector                       bssBANK0     0000B0
_delay_interrupt_service            text15       00027C
_delay_ms                           text1        000236
_eventPool                          bssCOMRAM    000044
_event_list                         bssCOMRAM    000001
_g_CONFIG                           bssBANK0     0000CF
_g_STATUS                           bssCOMRAM    000039
_g_analog0                          bssCOMRAM    00003B
_g_analog1                          bssCOMRAM    00003D
_g_analog2                          bssCOMRAM    00003F
_g_rx_buffer                        bssBANK3     000300
_gpio_init                          text13       00025A
_i2c_buff                           bssCOMRAM    000045
_isr_high                           intcode      000008
_main                               text0        0001F2
_parameter_text                     bssBANK1     000100
_parameter_value                    bssBANK1     00017F
_pd_detector                        bssBANK4     000400
_rd_buffer_init                     text12       000094
_scheduler_empty                    text5        00029A
_scheduler_event_clear              text4        000184
_scheduler_process                  text2        00021A
_startup                            text7        0001C8
_sysclk_init                        text8        0002A2
_sysclk_setup_intosc                text9        00026C
_syx_cmd_list                       mediumconst  007F96
_syx_param_list                     mediumconst  007D86
_this_alarm                         bssCOMRAM    000046
_this_buf                           bssBANK2     000200
_this_delay_timer_ms                bssCOMRAM    000041
_this_execute_event                 text6        00013A
_this_get_next                      text3        00002C
_this_warning                       bssCOMRAM    000047
_uart_init                          text10       00028C
delay_ms@delay                      cstackCOMRAM 000048
end_of_initialization               cinit        000130
intlevel0                           text         000000
intlevel1                           text         000000
intlevel2                           text         000000
intlevel3                           text         000000
rd_buffer_init@pbuffer              cstackCOMRAM 000048
rd_buffer_init@size                 cstackCOMRAM 00004A
rd_buffer_init@stream               cstackCOMRAM 00004C
scheduler_event_clear@event_number  cstackCOMRAM 00004A
scheduler_process@next_event_number cstackCOMRAM 00004C
start                               init         000028
start_initialization                cinit        0000E8
sysclk_setup_intosc@frequency       cstackCOMRAM 000048
this_execute_event@event_number     cstackCOMRAM 00004A
this_execute_event@pfunc            cstackCOMRAM 000048
this_get_next@event_index           cstackCOMRAM 00004B
this_get_next@found                 cstackCOMRAM 000048
this_get_next@mask                  cstackCOMRAM 00004A
this_get_next@result_event          cstackCOMRAM 000049


FUNCTION INFORMATION:

 *************** function _main *****************
 Defined at:
		line 22 in file "src/main.c"
 Parameters:    Size  Location     Type
		None
 Auto vars:     Size  Location     Type
		None
 Return value:  Size  Location     Type
                  2  845[COMRAM] int 
 Registers used:
		wreg, fsr2l, fsr2h, status,2, status,0, pclat, tosl, prodl, prodh, cstack
 Tracked objects:
		On entry : 
		On exit  : 
		Unchanged: 
 Data sizes:     COMRAM   BANK0   BANK1   BANK2   BANK3   BANK4   BANK5
      Params:         0       0       0       0       0       0       0
      Locals:         0       0       0       0       0       0       0
      Temps:          1       0       0       0       0       0       0
      Totals:         1       0       0       0       0       0       0
Total ram usage:        1 bytes
 Hardware stack levels required when called:    5
 This function calls:
		_startup
		_delay_ms
		_scheduler_process
 This function is called by:
		Startup code after reset
 This function uses a non-reentrant model


 *************** function _delay_ms *****************
 Defined at:
		line 28 in file "src/drivers/delay.c"
 Parameters:    Size  Location     Type
  delay           2    0[COMRAM] unsigned int 
 Auto vars:     Size  Location     Type
		None
 Return value:  Size  Location     Type
		None               void
 Registers used:
		wreg, status,2, status,0
 Tracked objects:
		On entry : 
		On exit  : 
		Unchanged: 
 Data sizes:     COMRAM   BANK0   BANK1   BANK2   BANK3   BANK4   BANK5
      Params:         2       0       0       0       0       0       0
      Locals:         0       0       0       0       0       0       0
      Temps:          0       0       0       0       0       0       0
      Totals:         2       0       0       0       0       0       0
Total ram usage:        2 bytes
 Hardware stack levels used:    1
 Hardware stack levels required when called:    2
 This function calls:
		Nothing
 This function is called by:
		_main
 This function uses a non-reentrant model


 *************** function _scheduler_process *****************
 Defined at:
		line 187 in file "src/modules/scheduler.c"
 Parameters:    Size  Location     Type
		None
 Auto vars:     Size  Location     Type
  next_event_n    1    4[COMRAM] unsigned char 
 Return value:  Size  Location     Type
		None               void
 Registers used:
		wreg, fsr2l, fsr2h, status,2, status,0, pclat, tosl, prodl, prodh, cstack
 Tracked objects:
		On entry : 
		On exit  : 
		Unchanged: 
 Data sizes:     COMRAM   BANK0   BANK1   BANK2   BANK3   BANK4   BANK5
      Params:         0       0       0       0       0       0       0
      Locals:         1       0       0       0       0       0       0
      Temps:          0       0       0       0       0       0       0
      Totals:         1       0       0       0       0       0       0
Total ram usage:        1 bytes
 Hardware stack levels used:    1
 Hardware stack levels required when called:    3
 This function calls:
		_scheduler_empty
		_this_get_next
		_this_execute_event
		_scheduler_event_clear
 This function is called by:
		_main
 This function uses a non-reentrant model


 *************** function _this_get_next *****************
 Defined at:
		line 62 in file "src/modules/scheduler.c"
 Parameters:    Size  Location     Type
		None
 Auto vars:     Size  Location     Type
  event_index     1    3[COMRAM] unsigned char 
  mask            1    2[COMRAM] unsigned char 
  result_event    1    1[COMRAM] unsigned char 
  found           1    0[COMRAM] unsigned char 
 Return value:  Size  Location     Type
                  1    wreg      unsigned char 
 Registers used:
		wreg, fsr2l, fsr2h, status,2, status,0, prodl, prodh
 Tracked objects:
		On entry : 
		On exit  : 
		Unchanged: 
 Data sizes:     COMRAM   BANK0   BANK1   BANK2   BANK3   BANK4   BANK5
      Params:         0       0       0       0       0       0       0
      Locals:         4       0       0       0       0       0       0
      Temps:          0       0       0       0       0       0       0
      Totals:         4       0       0       0       0       0       0
Total ram usage:        4 bytes
 Hardware stack levels used:    1
 Hardware stack levels required when called:    2
 This function calls:
		Nothing
 This function is called by:
		_scheduler_process
 This function uses a non-reentrant model


 *************** function _scheduler_event_clear *****************
 Defined at:
		line 119 in file "src/modules/scheduler.c"
 Parameters:    Size  Location     Type
  event_number    1    wreg     unsigned char 
 Auto vars:     Size  Location     Type
  event_number    1    2[COMRAM] unsigned char 
 Return value:  Size  Location     Type
		None               void
 Registers used:
		wreg, fsr2l, fsr2h, status,2, status,0, prodl, prodh
 Tracked objects:
		On entry : 
		On exit  : 
		Unchanged: 
 Data sizes:     COMRAM   BANK0   BANK1   BANK2   BANK3   BANK4   BANK5
      Params:         0       0       0       0       0       0       0
      Locals:         1       0       0       0       0       0       0
      Temps:          2       0       0       0       0       0       0
      Totals:         3       0       0       0       0       0       0
Total ram usage:        3 bytes
 Hardware stack levels used:    1
 Hardware stack levels required when called:    2
 This function calls:
		Nothing
 This function is called by:
		_scheduler_process
 This function uses a non-reentrant model


 *************** function _scheduler_empty *****************
 Defined at:
		line 137 in file "src/modules/scheduler.c"
 Parameters:    Size  Location     Type
		None
 Auto vars:     Size  Location     Type
		None
 Return value:  Size  Location     Type
                  1    wreg      unsigned char 
 Registers used:
		wreg, status,2
 Tracked objects:
		On entry : 
		On exit  : 
		Unchanged: 
 Data sizes:     COMRAM   BANK0   BANK1   BANK2   BANK3   BANK4   BANK5
      Params:         0       0       0       0       0       0       0
      Locals:         0       0       0       0       0       0       0
      Temps:          0       0       0       0       0       0       0
      Totals:         0       0       0       0       0       0       0
Total ram usage:        0 bytes
 Hardware stack levels used:    1
 Hardware stack levels required when called:    2
 This function calls:
		Nothing
 This function is called by:
		_scheduler_process
 This function uses a non-reentrant model


 *************** function _this_execute_event *****************
 Defined at:
		line 168 in file "src/modules/scheduler.c"
 Parameters:    Size  Location     Type
  event_number    1    wreg     unsigned char 
 Auto vars:     Size  Location     Type
  event_number    1    2[COMRAM] unsigned char 
  pfunc           2    0[COMRAM] PTR FTN(unsigned char ,)
 Return value:  Size  Location     Type
                  1    wreg      unsigned char 
 Registers used:
		wreg, fsr2l, fsr2h, status,2, status,0, pclat, tosl, prodl, prodh, cstack
 Tracked objects:
		On entry : 
		On exit  : 
		Unchanged: 
 Data sizes:     COMRAM   BANK0   BANK1   BANK2   BANK3   BANK4   BANK5
      Params:         0       0       0       0       0       0       0
      Locals:         3       0       0       0       0       0       0
      Temps:          0       0       0       0       0       0       0
      Totals:         3       0       0       0       0       0       0
Total ram usage:        3 bytes
 Hardware stack levels used:    1
 Hardware stack levels required when called:    2
 This function calls:
		Nothing
 This function is called by:
		_scheduler_process
 This function uses a non-reentrant model


 *************** function _startup *****************
 Defined at:
		line 14 in file "src/startup/startup.c"
 Parameters:    Size  Location     Type
		None
 Auto vars:     Size  Location     Type
  result          1    0        enum E3388
 Return value:  Size  Location     Type
                  1    wreg      enum E3388
 Registers used:
		wreg, fsr2l, fsr2h, status,2, status,0, cstack
 Tracked objects:
		On entry : 
		On exit  : 
		Unchanged: 
 Data sizes:     COMRAM   BANK0   BANK1   BANK2   BANK3   BANK4   BANK5
      Params:         0       0       0       0       0       0       0
      Locals:         1       0       0       0       0       0       0
      Temps:          0       0       0       0       0       0       0
      Totals:         1       0       0       0       0       0       0
Total ram usage:        1 bytes
 Hardware stack levels used:    1
 Hardware stack levels required when called:    4
 This function calls:
		_gpio_init
		_sysclk_init
		_adc_init
		_uart_init
		_rd_buffer_init
 This function is called by:
		_main
 This function uses a non-reentrant model


 *************** function _sysclk_init *****************
 Defined at:
		line 7 in file "src/drivers/sysclk.c"
 Parameters:    Size  Location     Type
		None
 Auto vars:     Size  Location     Type
		None
 Return value:  Size  Location     Type
		None               void
 Registers used:
		wreg, status,2, status,0, cstack
 Tracked objects:
		On entry : 
		On exit  : 
		Unchanged: 
 Data sizes:     COMRAM   BANK0   BANK1   BANK2   BANK3   BANK4   BANK5
      Params:         0       0       0       0       0       0       0
      Locals:         0       0       0       0       0       0       0
      Temps:          0       0       0       0       0       0       0
      Totals:         0       0       0       0       0       0       0
Total ram usage:        0 bytes
 Hardware stack levels used:    1
 Hardware stack levels required when called:    3
 This function calls:
		_sysclk_setup_intosc
 This function is called by:
		_startup
 This function uses a non-reentrant model


 *************** function _sysclk_setup_intosc *****************
 Defined at:
		line 12 in file "src/drivers/sysclk.c"
 Parameters:    Size  Location     Type
  frequency       1    wreg     enum E1
 Auto vars:     Size  Location     Type
  frequency       1    0[COMRAM] enum E1
 Return value:  Size  Location     Type
		None               void
 Registers used:
		wreg, status,2, status,0
 Tracked objects:
		On entry : 
		On exit  : 
		Unchanged: 
 Data sizes:     COMRAM   BANK0   BANK1   BANK2   BANK3   BANK4   BANK5
      Params:         0       0       0       0       0       0       0
      Locals:         1       0       0       0       0       0       0
      Temps:          0       0       0       0       0       0       0
      Totals:         1       0       0       0       0       0       0
Total ram usage:        1 bytes
 Hardware stack levels used:    1
 Hardware stack levels required when called:    2
 This function calls:
		Nothing
 This function is called by:
		_sysclk_init
 This function uses a non-reentrant model


 *************** function _uart_init *****************
 Defined at:
		line 5 in file "src/drivers/uart.c"
 Parameters:    Size  Location     Type
		None
 Auto vars:     Size  Location     Type
		None
 Return value:  Size  Location     Type
		None               void
 Registers used:
		wreg, status,2
 Tracked objects:
		On entry : 
		On exit  : 
		Unchanged: 
 Data sizes:     COMRAM   BANK0   BANK1   BANK2   BANK3   BANK4   BANK5
      Params:         0       0       0       0       0       0       0
      Locals:         0       0       0       0       0       0       0
      Temps:          0       0       0       0       0       0       0
      Totals:         0       0       0       0       0       0       0
Total ram usage:        0 bytes
 Hardware stack levels used:    1
 Hardware stack levels required when called:    2
 This function calls:
		Nothing
 This function is called by:
		_startup
 This function uses a non-reentrant model


 *************** function _adc_init *****************
 Defined at:
		line 5 in file "src/drivers/adc.c"
 Parameters:    Size  Location     Type
		None
 Auto vars:     Size  Location     Type
		None
 Return value:  Size  Location     Type
		None               void
 Registers used:
		wreg, status,2
 Tracked objects:
		On entry : 
		On exit  : 
		Unchanged: 
 Data sizes:     COMRAM   BANK0   BANK1   BANK2   BANK3   BANK4   BANK5
      Params:         0       0       0       0       0       0       0
      Locals:         0       0       0       0       0       0       0
      Temps:          0       0       0       0       0       0       0
      Totals:         0       0       0       0       0       0       0
Total ram usage:        0 bytes
 Hardware stack levels used:    1
 Hardware stack levels required when called:    2
 This function calls:
		Nothing
 This function is called by:
		_startup
 This function uses a non-reentrant model


 *************** function _rd_buffer_init *****************
 Defined at:
		line 37 in file "src/modules/rd_buffer.c"
 Parameters:    Size  Location     Type
  pbuffer         2    0[COMRAM] PTR struct .
		 -> g_rx_buffer(207), 
  size            2    2[COMRAM] int 
  stream          1    4[COMRAM] unsigned char 
 Auto vars:     Size  Location     Type
  result          1    0        unsigned char 
 Return value:  Size  Location     Type
                  1    wreg      unsigned char 
 Registers used:
		wreg, fsr2l, fsr2h, status,2, status,0
 Tracked objects:
		On entry : 
		On exit  : 
		Unchanged: 
 Data sizes:     COMRAM   BANK0   BANK1   BANK2   BANK3   BANK4   BANK5
      Params:         5       0       0       0       0       0       0
      Locals:         1       0       0       0       0       0       0
      Temps:          2       0       0       0       0       0       0
      Totals:         8       0       0       0       0       0       0
Total ram usage:        8 bytes
 Hardware stack levels used:    1
 Hardware stack levels required when called:    2
 This function calls:
		Nothing
 This function is called by:
		_startup
 This function uses a non-reentrant model


 *************** function _gpio_init *****************
 Defined at:
		line 4 in file "src/drivers/gpio.c"
 Parameters:    Size  Location     Type
		None
 Auto vars:     Size  Location     Type
		None
 Return value:  Size  Location     Type
		None               void
 Registers used:
		wreg, status,2
 Tracked objects:
		On entry : 
		On exit  : 
		Unchanged: 
 Data sizes:     COMRAM   BANK0   BANK1   BANK2   BANK3   BANK4   BANK5
      Params:         0       0       0       0       0       0       0
      Locals:         0       0       0       0       0       0       0
      Temps:          0       0       0       0       0       0       0
      Totals:         0       0       0       0       0       0       0
Total ram usage:        0 bytes
 Hardware stack levels used:    1
 Hardware stack levels required when called:    2
 This function calls:
		Nothing
 This function is called by:
		_startup
 This function uses a non-reentrant model


 *************** function _isr_high *****************
 Defined at:
		line 8 in file "src/interrupts.c"
 Parameters:    Size  Location     Type
		None
 Auto vars:     Size  Location     Type
		None
 Return value:  Size  Location     Type
		None               void
 Registers used:
		wreg, status,2, status,0, cstack
 Tracked objects:
		On entry : 
		On exit  : 
		Unchanged: 
 Data sizes:     COMRAM   BANK0   BANK1   BANK2   BANK3   BANK4   BANK5
      Params:         0       0       0       0       0       0       0
      Locals:         0       0       0       0       0       0       0
      Temps:          0       0       0       0       0       0       0
      Totals:         0       0       0       0       0       0       0
Total ram usage:        0 bytes
 Hardware stack levels used:    1
 Hardware stack levels required when called:    1
 This function calls:
		_delay_interrupt_service
 This function is called by:
		Interrupt level 2
 This function uses a non-reentrant model


 *************** function _delay_interrupt_service *****************
 Defined at:
		line 70 in file "src/drivers/delay.c"
 Parameters:    Size  Location     Type
		None
 Auto vars:     Size  Location     Type
		None
 Return value:  Size  Location     Type
		None               void
 Registers used:
		wreg, status,2, status,0
 Tracked objects:
		On entry : 
		On exit  : 
		Unchanged: 
 Data sizes:     COMRAM   BANK0   BANK1   BANK2   BANK3   BANK4   BANK5
      Params:         0       0       0       0       0       0       0
      Locals:         0       0       0       0       0       0       0
      Temps:          0       0       0       0       0       0       0
      Totals:         0       0       0       0       0       0       0
Total ram usage:        0 bytes
 Hardware stack levels used:    1
 This function calls:
		Nothing
 This function is called by:
		_isr_high
 This function uses a non-reentrant model



MODULE INFORMATION

Module		Function		Class		Link	Load	Size
src/modules/scheduler.c
		_scheduler_even		CODE           	0184	0000	68
		_this_get_next 		CODE           	002C	0000	104
		_this_execute_e		CODE           	013A	0000	74
		_scheduler_proc		CODE           	021A	0000	28
		_scheduler_empt		CODE           	029A	0000	8

src/modules/scheduler.c estimated size: 282

src/drivers/delay.c
		_delay_interrup		CODE           	027C	0000	16
		_delay_ms      		CODE           	0236	0000	18

src/drivers/delay.c estimated size: 34

src/startup/startup.c
		_startup       		CODE           	01C8	0000	42

src/startup/startup.c estimated size: 42

src/main.c
		_main          		CODE           	01F2	0000	68

src/main.c estimated size: 68

src/drivers/uart.c
		_uart_init     		CODE           	028C	0000	14

src/drivers/uart.c estimated size: 14

shared
		__initializatio		CODE           	00E8	0000	72
		_syx_param_list		MEDIUMCONST    	7D86	0000	528
		_syx_cmd_list  		MEDIUMCONST    	7F96	0000	105

shared estimated size: 705

src/drivers/adc.c
		_adc_init      		CODE           	0248	0000	18

src/drivers/adc.c estimated size: 18

src/interrupts.c
		_isr_high      		CODE           	0008	0000	32

src/interrupts.c estimated size: 32

src/drivers/gpio.c
		_gpio_init     		CODE           	025A	0000	18

src/drivers/gpio.c estimated size: 18

src/modules/rd_buffer.c
		_rd_buffer_init		CODE           	0094	0000	84

src/modules/rd_buffer.c estimated size: 84

src/drivers/sysclk.c
		_sysclk_init   		CODE           	02A2	0000	6
		_sysclk_setup_i		CODE           	026C	0000	16

src/drivers/sysclk.c estimated size: 22

