Microchip MPLAB XC8 Compiler V1.12 ()

Linker command line:

--edf=C:\Program Files\Microchip\xc8\v1.12\dat\en_msgs.txt -cs \
  -h+dist/DEBUG/production\mamba3.X.production.sym -z -Q18F45K20 -ol.obj \
  -Mdist/DEBUG/production/mamba3.X.production.map -E1 -ver=XC8 \
  -ACODE=00h-07FFFh -ACONST=00h-07FFFh -ASMALLCONST=0600h-06FFhx122 \
  -AMEDIUMCONST=0600h-07FFFh -ACOMRAM=01h-05Fh -AABS1=00h-05FFh \
  -ABIGRAM=01h-05FFh -ARAM=060h-0FFh,0100h-01FFhx5 -ABANK0=060h-0FFh \
  -ABANK1=0100h-01FFh -ABANK2=0200h-02FFh -ABANK3=0300h-03FFh \
  -ABANK4=0400h-04FFh -ABANK5=0500h-05FFh -ASFR=0F60h-0FFFh \
  -preset_vec=00h,intcode=08h,intcodelo,powerup,init,end_init \
  -pramtop=0600h -psmallconst=SMALLCONST -pmediumconst=MEDIUMCONST \
  -pconst=CONST -AFARRAM=00h-00h -ACONFIG=0300000h-030000Dh -pconfig=CONFIG \
  -AIDLOC=0200000h-0200007h -pidloc=IDLOC -AEEDATA=0F00000h-0F000FFh \
  -peeprom_data=EEDATA \
  -prdata=COMRAM,nvrram=COMRAM,nvbit=COMRAM,rbss=COMRAM,rbit=COMRAM \
  -pfarbss=FARRAM,fardata=FARRAM \
  -pintsave_regs=BIGRAM,bigbss=BIGRAM,bigdata=BIGRAM -pbss=RAM \
  -pidata=CODE,irdata=CODE,ibigdata=CODE,ifardata=CODE \
  C:\Users\Lenovo\AppData\Local\Temp\s208.obj \
  dist/DEBUG/production\mamba3.X.production.obj 

Object code version is 3.10

Machine type is 18F45K20

Call graph: (short form)




                Name                               Link     Load   Length Selector   Space Scale
C:\Users\Lenovo\AppData\Local\Temp\s208.obj
                end_init                             F0       F0        4        4       0
                reset_vec                             0        0        4        0       0
                idloc                            200000   200000        8   200000       0
                config                           300000   300000        E   300000       0
dist/DEBUG/production\mamba3.X.production.obj
                intcode                               8        8       E8        4       0
                mediumconst                        7DB2     7DB2      24E     3ED9       0
                text58                              C1E      C1E      148        4       0
                text57                             1924     1924       46        4       0
                text56                             1B78     1B78       20        4       0
                text55                             1C72     1C72       10        4       0
                text54                             1CA0     1CA0        8        4       0
                text53                             1B98     1B98       1E        4       0
                text52                             1AD2     1AD2       30        4       0
                text51                             1A66     1A66       3A        4       0
                text50                             1C50     1C50       12        4       0
                text48                             1B02     1B02       2C        4       0
                text47                             19EC     19EC       3E        4       0
                text46                             1894     1894       4A        4       0
                text45                             1B2E     1B2E       2A        4       0
                text44                             1618     1618       68        4       0
                text43                             14B6     14B6       78        4       0
                text42                             19AC     19AC       40        4       0
                text41                             1AA0     1AA0       32        4       0
                text40                             1C3E     1C3E       12        4       0
                text39                             1C06     1C06       14        4       0
                text38                             1C98     1C98        8        4       0
                text37                             1C2C     1C2C       12        4       0
                text36                             1742     1742       5C        4       0
                text35                             1CAE     1CAE        6        4       0
                text34                             1B58     1B58       20        4       0
                text33                             1C62     1C62       10        4       0
                text32                             1CA8     1CA8        6        4       0
                text31                             18DE     18DE       46        4       0
                text30                             1C82     1C82        C        4       0
                text29                              AD0      AD0      14E        4       0
                text28                             184A     184A       4A        4       0
                text27                             1436     1436       80        4       0
                text26                             1C8E     1C8E        A        4       0
                text25                             120E     120E       92        4       0
                text24                             1BEC     1BEC       1A        4       0
                text23                              D66      D66       EE        4       0
                text22                               F4       F4      516        4       0
                text21                              60A      60A      20A        4       0
                text20                             1680     1680       64        4       0
                text19                             15A4     15A4       74        4       0
                text18                             1BB6     1BB6       1C        4       0
                text17                             179E     179E       5A        4       0
                text16                             10E8     10E8       94        4       0
                text15                             1054     1054       94        4       0
                text14                             132A     132A       88        4       0
                text13                             117C     117C       92        4       0
                text12                             1BD2     1BD2       1A        4       0
                text11                              FBE      FBE       96        4       0
                text10                              814      814      162        4       0
                text9                              13B2     13B2       84        4       0
                text8                               976      976      15A        4       0
                text7                               F16      F16       A8        4       0
                text6                              1A2A     1A2A       3C        4       0
                text5                              17F8     17F8       52        4       0
                text4                              196A     196A       42        4       0
                text3                              12A0     12A0       8A        4       0
                text2                              152E     152E       76        4       0
                text1                              1C1A     1C1A       12        4       0
                text0                               E54      E54       C2        4       0
                cstackCOMRAM                          1        1       2A        1       1
                cstackBANK0                          60       60       49       60       1
                bssBANK5                            500      500       7F      500       1
                bssBANK4                            400      400       BB      400       1
                bssBANK3                            300      300       E3      300       1
                bssBANK2                            200      200       EA      200       1
                bssBANK1                            100      100       D0      100       1
                bssBANK0                             A9       A9       44       60       1
                bssCOMRAM                            2B       2B       18        1       1
                cinit                              16E4     16E4       5E        4       0
                nvBANK0                              ED       ED        2       60       1

TOTAL           Name                               Link     Load   Length     Space
        CLASS   CODE           
                end_init                             F0       F0        4         0
                intcode                               8        8       E8         0
                reset_vec                             0        0        4         0
                text58                              C1E      C1E      148         0
                text57                             1924     1924       46         0
                text56                             1B78     1B78       20         0
                text55                             1C72     1C72       10         0
                text54                             1CA0     1CA0        8         0
                text53                             1B98     1B98       1E         0
                text52                             1AD2     1AD2       30         0
                text51                             1A66     1A66       3A         0
                text50                             1C50     1C50       12         0
                text48                             1B02     1B02       2C         0
                text47                             19EC     19EC       3E         0
                text46                             1894     1894       4A         0
                text45                             1B2E     1B2E       2A         0
                text44                             1618     1618       68         0
                text43                             14B6     14B6       78         0
                text42                             19AC     19AC       40         0
                text41                             1AA0     1AA0       32         0
                text40                             1C3E     1C3E       12         0
                text39                             1C06     1C06       14         0
                text38                             1C98     1C98        8         0
                text37                             1C2C     1C2C       12         0
                text36                             1742     1742       5C         0
                text35                             1CAE     1CAE        6         0
                text34                             1B58     1B58       20         0
                text33                             1C62     1C62       10         0
                text32                             1CA8     1CA8        6         0
                text31                             18DE     18DE       46         0
                text30                             1C82     1C82        C         0
                text29                              AD0      AD0      14E         0
                text28                             184A     184A       4A         0
                text27                             1436     1436       80         0
                text26                             1C8E     1C8E        A         0
                text25                             120E     120E       92         0
                text24                             1BEC     1BEC       1A         0
                text23                              D66      D66       EE         0
                text22                               F4       F4      516         0
                text21                              60A      60A      20A         0
                text20                             1680     1680       64         0
                text19                             15A4     15A4       74         0
                text18                             1BB6     1BB6       1C         0
                text17                             179E     179E       5A         0
                text16                             10E8     10E8       94         0
                text15                             1054     1054       94         0
                text14                             132A     132A       88         0
                text13                             117C     117C       92         0
                text12                             1BD2     1BD2       1A         0
                text11                              FBE      FBE       96         0
                text10                              814      814      162         0
                text9                              13B2     13B2       84         0
                text8                               976      976      15A         0
                text7                               F16      F16       A8         0
                text6                              1A2A     1A2A       3C         0
                text5                              17F8     17F8       52         0
                text4                              196A     196A       42         0
                text3                              12A0     12A0       8A         0
                text2                              152E     152E       76         0
                text1                              1C1A     1C1A       12         0
                text0                               E54      E54       C2         0
                cinit                              16E4     16E4       5E         0

        CLASS   CONST          

        CLASS   SMALLCONST     

        CLASS   MEDIUMCONST    
                mediumconst                        7DB2     7DB2      24E         0

        CLASS   COMRAM         
                cstackCOMRAM                          1        1       2A         1
                bssCOMRAM                            2B       2B       18         1

        CLASS   ABS1           

        CLASS   BIGRAM         

        CLASS   RAM            

        CLASS   BANK0          
                cstackBANK0                          60       60       49         1
                bssBANK0                             A9       A9       44         1
                nvBANK0                              ED       ED        2         1

        CLASS   BANK1          
                bssBANK1                            100      100       D0         1

        CLASS   BANK2          
                bssBANK2                            200      200       EA         1

        CLASS   BANK3          
                bssBANK3                            300      300       E3         1

        CLASS   BANK4          
                bssBANK4                            400      400       BB         1

        CLASS   BANK5          
                bssBANK5                            500      500       7F         1

        CLASS   SFR            

        CLASS   FARRAM         

        CLASS   CONFIG         
                config                           300000   300000        E         0

        CLASS   IDLOC          
                idloc                            200000   200000        8         0

        CLASS   EEDATA         



SEGMENTS        Name                           Load    Length   Top    Selector   Space  Class

                reset_vec                      000000  000004  000004         0       0  CODE    
                cstackCOMRAM                   000001  000042  000043         1       1  COMRAM  
                intcode                        000008  001CAC  001CB4         4       0  CODE    
                cstackBANK0                    000060  00008F  0000EF        60       1  BANK0   
                bssBANK1                       000100  0000D0  0001D0       100       1  BANK1   
                bssBANK2                       000200  0000EA  0002EA       200       1  BANK2   
                bssBANK3                       000300  0000E3  0003E3       300       1  BANK3   
                bssBANK4                       000400  0000BB  0004BB       400       1  BANK4   
                bssBANK5                       000500  00007F  00057F       500       1  BANK5   
                mediumconst                    007DB2  00024E  008000      3ED9       0  MEDIUMCO
                idloc                          200000  000008  200008    200000       0  IDLOC   
                config                         300000  00000E  30000E    300000       0  CONFIG  


UNUSED ADDRESS RANGES

        Name                Unused          Largest block    Delta
        BANK0            0000EF-0000FF               11
        BANK1            0001D0-0001FF               30
        BANK2            0002EA-0002FF               16
        BANK3            0003E3-0003FF               1D
        BANK4            0004BB-0004FF               45
        BANK5            00057F-0005FF               81
        BIGRAM           000043-00005F               1D
                         0000EF-0000FF               11
                         0001D0-0001FF               30
                         0002EA-0002FF               16
                         0003E3-0003FF               1D
                         0004BB-0004FF               45
                         00057F-0005FF               81
        CODE             000004-000007                4
                         001CB4-007DB1             60FE
        COMRAM           000043-00005F               1D
        CONST            000004-000007                4
                         001CB4-007DB1             60FE
        EEDATA           F00000-F000FF              100
        MEDIUMCONST      001CB4-007DB1             60FE
        RAM              0000EF-0000FF               11
                         0001D0-0001FF               30
                         0002EA-0002FF               16
                         0003E3-0003FF               1D
                         0004BB-0004FF               45
                         00057F-0005FF               81
        SFR              000F60-000FFF               A0
        SMALLCONST       001CB4-007DB1              100

                                  Symbol Table

?___awdiv                                 cstackBANK0  00006C
?___awmod                                 cstackBANK0  00006C
?___lbmod                                 cstackBANK0  00006C
?___lwdiv                                 cstackBANK0  00006C
?___lwmod                                 cstackBANK0  000073
?___wmul                                  cstackBANK0  00006C
?_adc_read                                cstackCOMRAM 00001A
?_cla_add_value                           cstackBANK0  00006C
?_delay_ms                                cstackBANK0  00006C
?_on_parameter_found                      cstackBANK0  000091
?_pd_add_value                            cstackBANK0  000074
?_printf                                  cstackBANK0  00007E
?_rd_buffer_cnt                           cstackBANK0  00006C
?_rd_buffer_get                           cstackBANK0  00006C
?_rd_buffer_getn                          cstackBANK0  000077
?_rd_buffer_init                          cstackBANK0  00006C
?_rd_buffer_put                           cstackBANK0  00006C
?_rd_buffer_readline                      cstackBANK0  000077
?_serialport_write                        cstackBANK0  00007D
?_string_utils_copy                       cstackBANK0  00006C
?_string_utils_from_hex                   cstackBANK0  000074
?_string_utils_split                      cstackBANK0  00006C
?_string_utils_strchr                     cstackBANK0  00006C
?_string_utils_strlen                     cstackBANK0  00006E
?_string_utils_strncmp                    cstackBANK0  00006E
?_syntax_as_integer                       cstackBANK0  00006C
?_syntax_get_text                         cstackCOMRAM 000001
?_syntax_string                           cstackBANK0  000098
?_this_parse_item                         cstackBANK0  000086
?_this_variable_load_from_text            cstackBANK0  000081
?_uart_puts                               cstackBANK0  00006D
?_uart_set_baudrate                       cstackBANK0  00006C
?i2_rd_buffer_put                         cstackCOMRAM 00001A
PL10                                      text22       00051A
PL12                                      text21       0007B2
PL14                                      text21       0007C8
PL16                                      text15       0010C4
PL18                                      text21       0007D6
PL2                                       text22       0004B6
PL20                                      text21       0007E4
PL22                                      text21       0007F4
PL24                                      text22       000536
PL26                                      text22       000554
PL28                                      text22       000564
PL30                                      text23       000E2C
PL32                                      text22       00057A
PL34                                      text22       000590
PL36                                      text21       000806
PL38                                      text22       0005A2
PL4                                       text22       0004DE
PL40                                      text29       000BFE
PL42                                      text23       000E42
PL44                                      text58       000D46
PL46                                      text22       0005B6
PL48                                      text22       0005C8
PL50                                      text8        000AC0
PL52                                      text22       0005D8
PL54                                      text29       000C10
PL56                                      text22       0005E8
PL58                                      text10       000968
PL6                                       text22       0004F2
PL60                                      text58       000D58
PL62                                      text36       001792
PL64                                      text22       0005F6
PL66                                      text22       000602
PL8                                       text22       000504
_ADCON0                                   (abs)        000FC2
_ADCON0bits                               (abs)        000FC2
_ADCON1                                   (abs)        000FC1
_ADCON2                                   (abs)        000FC0
_ADIF                                     (abs)        007CF6
_ADRES                                    (abs)        000FC3
_ANSEL                                    (abs)        000F7E
_ANSELH                                   (abs)        000F7F
_BAUDCON                                  (abs)        000FB8
_BAUDCTL                                  (abs)        000FB8
_CREN                                     (abs)        007D5C
_GODONE                                   (abs)        007E11
_INTCONbits                               (abs)        000FF2
_LATC                                     (abs)        000F8B
_LATD                                     (abs)        000F8C
_OSCCON                                   (abs)        000FD3
_PIE1bits                                 (abs)        000F9D
_PIR1bits                                 (abs)        000F9E
_RC1IF                                    (abs)        007CF5
_RCIF                                     (abs)        007CF5
_RCREG                                    (abs)        000FAE
_RCSTA                                    (abs)        000FAB
_RCSTAbits                                (abs)        000FAB
_SPBRG                                    (abs)        000FAF
_STATUS                                   (abs)        000FD8
_TMR0                                     (abs)        000FD6
_TRISA                                    (abs)        000F92
_TRISB                                    (abs)        000F93
_TRISC                                    (abs)        000F94
_TRISD                                    (abs)        000F95
_TXIF                                     (abs)        007CF4
_TXREG                                    (abs)        000FAD
_TXSTA                                    (abs)        000FAC
__CFG_BOREN$OFF                           (abs)        000000
__CFG_BORV$27                             (abs)        000000
__CFG_CCP2MX$PORTC                        (abs)        000000
__CFG_CP0$OFF                             (abs)        000000
__CFG_CP1$OFF                             (abs)        000000
__CFG_CP2$OFF                             (abs)        000000
__CFG_CP3$OFF                             (abs)        000000
__CFG_CPB$OFF                             (abs)        000000
__CFG_CPD$OFF                             (abs)        000000
__CFG_EBTR0$OFF                           (abs)        000000
__CFG_EBTR1$OFF                           (abs)        000000
__CFG_EBTR2$OFF                           (abs)        000000
__CFG_EBTR3$OFF                           (abs)        000000
__CFG_EBTRB$OFF                           (abs)        000000
__CFG_FCMEN$OFF                           (abs)        000000
__CFG_FOSC$INTIO67                        (abs)        000000
__CFG_HFOFST$ON                           (abs)        000000
__CFG_IESO$OFF                            (abs)        000000
__CFG_LPT1OSC$ON                          (abs)        000000
__CFG_LVP$OFF                             (abs)        000000
__CFG_MCLRE$ON                            (abs)        000000
__CFG_PBADEN$OFF                          (abs)        000000
__CFG_PWRT$ON                             (abs)        000000
__CFG_STVREN$ON                           (abs)        000000
__CFG_WDTEN$ON                            (abs)        000000
__CFG_WDTPS$1024                          (abs)        000000
__CFG_WRT0$OFF                            (abs)        000000
__CFG_WRT1$OFF                            (abs)        000000
__CFG_WRT2$OFF                            (abs)        000000
__CFG_WRT3$OFF                            (abs)        000000
__CFG_WRTB$OFF                            (abs)        000000
__CFG_WRTC$OFF                            (abs)        000000
__CFG_WRTD$OFF                            (abs)        000000
__CFG_XINST$OFF                           (abs)        000000
__HRAM                                    (abs)        000000
__Habs1                                   abs1         000000
__Hbank0                                  bank0        000000
__Hbank1                                  bank1        000000
__Hbank2                                  bank2        000000
__Hbank3                                  bank3        000000
__Hbank4                                  bank4        000000
__Hbank5                                  bank5        000000
__Hbigbss                                 bigbss       000000
__Hbigdata                                bigdata      000000
__Hbigram                                 bigram       000000
__Hbss                                    bss          000000
__HbssBANK0                               bssBANK0     000000
__HbssBANK1                               bssBANK1     000000
__HbssBANK2                               bssBANK2     000000
__HbssBANK3                               bssBANK3     000000
__HbssBANK4                               bssBANK4     000000
__HbssBANK5                               bssBANK5     000000
__HbssCOMRAM                              bssCOMRAM    000000
__Hcinit                                  cinit        000000
__Hclrtext                                clrtext      000000
__Hcomram                                 comram       000000
__Hconfig                                 config       30000E
__Hconst                                  const        000000
__HcstackBANK0                            cstackBANK0  000000
__HcstackCOMRAM                           cstackCOMRAM 000000
__Hdata                                   data         000000
__Heeprom_data                            eeprom_data  000000
__Hend_init                               end_init     0000F4
__Hfarbss                                 farbss       000000
__Hfardata                                fardata      000000
__Hibigdata                               ibigdata     000000
__Hidata                                  idata        000000
__Hidloc                                  idloc        200008
__Hifardata                               ifardata     000000
__Hinit                                   init         0000F0
__Hintcode                                intcode      0000F0
__Hintcode_body                           intcode_body 000000
__Hintcodelo                              intcodelo    0000F0
__Hintentry                               intentry     000000
__Hintret                                 intret       000000
__Hintsave_regs                           intsave_regs 000000
__Hirdata                                 irdata       000000
__Hmediumconst                            mediumconst  008000
__HnvBANK0                                nvBANK0      000000
__Hnvbit                                  nvbit        000000
__Hnvrram                                 nvrram       000000
__Hpa_nodes                               pa_nodes     000000
__Hparam                                  param0       000000
__Hparam0                                 param0       000000
__Hpowerup                                powerup      0000F0
__Hram                                    ram          000000
__Hramtop                                 ramtop       000600
__Hrbit                                   rbit         000000
__Hrbss                                   rbss         000000
__Hrdata                                  rdata        000000
__Hreset_vec                              reset_vec    000004
__Hsfr                                    sfr          000000
__Hsmallconst                             smallconst   000000
__Hstruct                                 struct       000000
__Htemp                                   temp         000000
__Htext                                   text         000000
__Htext0                                  text0        000000
__Htext1                                  text1        000000
__Htext10                                 text10       000000
__Htext11                                 text11       000000
__Htext12                                 text12       000000
__Htext13                                 text13       000000
__Htext14                                 text14       000000
__Htext15                                 text15       000000
__Htext16                                 text16       000000
__Htext17                                 text17       000000
__Htext18                                 text18       000000
__Htext19                                 text19       000000
__Htext2                                  text2        000000
__Htext20                                 text20       000000
__Htext21                                 text21       000000
__Htext22                                 text22       000000
__Htext23                                 text23       000000
__Htext24                                 text24       000000
__Htext25                                 text25       000000
__Htext26                                 text26       000000
__Htext27                                 text27       000000
__Htext28                                 text28       000000
__Htext29                                 text29       000000
__Htext3                                  text3        000000
__Htext30                                 text30       000000
__Htext31                                 text31       000000
__Htext32                                 text32       000000
__Htext33                                 text33       000000
__Htext34                                 text34       000000
__Htext35                                 text35       000000
__Htext36                                 text36       000000
__Htext37                                 text37       000000
__Htext38                                 text38       000000
__Htext39                                 text39       000000
__Htext4                                  text4        000000
__Htext40                                 text40       000000
__Htext41                                 text41       000000
__Htext42                                 text42       000000
__Htext43                                 text43       000000
__Htext44                                 text44       000000
__Htext45                                 text45       000000
__Htext46                                 text46       000000
__Htext47                                 text47       000000
__Htext48                                 text48       000000
__Htext5                                  text5        000000
__Htext50                                 text50       000000
__Htext51                                 text51       000000
__Htext52                                 text52       000000
__Htext53                                 text53       000000
__Htext54                                 text54       000000
__Htext55                                 text55       000000
__Htext56                                 text56       000000
__Htext57                                 text57       000000
__Htext58                                 text58       000000
__Htext6                                  text6        000000
__Htext7                                  text7        000000
__Htext8                                  text8        000000
__Htext9                                  text9        000000
__LRAM                                    (abs)        000001
__Labs1                                   abs1         000000
__Lbank0                                  bank0        000000
__Lbank1                                  bank1        000000
__Lbank2                                  bank2        000000
__Lbank3                                  bank3        000000
__Lbank4                                  bank4        000000
__Lbank5                                  bank5        000000
__Lbigbss                                 bigbss       000000
__Lbigdata                                bigdata      000000
__Lbigram                                 bigram       000000
__Lbss                                    bss          000000
__LbssBANK0                               bssBANK0     000000
__LbssBANK1                               bssBANK1     000000
__LbssBANK2                               bssBANK2     000000
__LbssBANK3                               bssBANK3     000000
__LbssBANK4                               bssBANK4     000000
__LbssBANK5                               bssBANK5     000000
__LbssCOMRAM                              bssCOMRAM    000000
__Lcinit                                  cinit        000000
__Lclrtext                                clrtext      000000
__Lcomram                                 comram       000000
__Lconfig                                 config       300000
__Lconst                                  const        000000
__LcstackBANK0                            cstackBANK0  000000
__LcstackCOMRAM                           cstackCOMRAM 000000
__Ldata                                   data         000000
__Leeprom_data                            eeprom_data  000000
__Lend_init                               end_init     0000F0
__Lfarbss                                 farbss       000000
__Lfardata                                fardata      000000
__Libigdata                               ibigdata     000000
__Lidata                                  idata        000000
__Lidloc                                  idloc        200000
__Lifardata                               ifardata     000000
__Linit                                   init         0000F0
__Lintcode                                intcode      000008
__Lintcode_body                           intcode_body 000000
__Lintcodelo                              intcodelo    0000F0
__Lintentry                               intentry     000000
__Lintret                                 intret       000000
__Lintsave_regs                           intsave_regs 000000
__Lirdata                                 irdata       000000
__Lmediumconst                            mediumconst  007DB2
__LnvBANK0                                nvBANK0      000000
__Lnvbit                                  nvbit        000000
__Lnvrram                                 nvrram       000000
__Lpa_nodes                               pa_nodes     000000
__Lparam                                  param0       000000
__Lparam0                                 param0       000000
__Lpowerup                                powerup      0000F0
__Lram                                    ram          000000
__Lramtop                                 ramtop       000600
__Lrbit                                   rbit         000000
__Lrbss                                   rbss         000000
__Lrdata                                  rdata        000000
__Lreset_vec                              reset_vec    000000
__Lsfr                                    sfr          000000
__Lsmallconst                             smallconst   000000
__Lstruct                                 struct       000000
__Ltemp                                   temp         000000
__Ltext                                   text         000000
__Ltext0                                  text0        000000
__Ltext1                                  text1        000000
__Ltext10                                 text10       000000
__Ltext11                                 text11       000000
__Ltext12                                 text12       000000
__Ltext13                                 text13       000000
__Ltext14                                 text14       000000
__Ltext15                                 text15       000000
__Ltext16                                 text16       000000
__Ltext17                                 text17       000000
__Ltext18                                 text18       000000
__Ltext19                                 text19       000000
__Ltext2                                  text2        000000
__Ltext20                                 text20       000000
__Ltext21                                 text21       000000
__Ltext22                                 text22       000000
__Ltext23                                 text23       000000
__Ltext24                                 text24       000000
__Ltext25                                 text25       000000
__Ltext26                                 text26       000000
__Ltext27                                 text27       000000
__Ltext28                                 text28       000000
__Ltext29                                 text29       000000
__Ltext3                                  text3        000000
__Ltext30                                 text30       000000
__Ltext31                                 text31       000000
__Ltext32                                 text32       000000
__Ltext33                                 text33       000000
__Ltext34                                 text34       000000
__Ltext35                                 text35       000000
__Ltext36                                 text36       000000
__Ltext37                                 text37       000000
__Ltext38                                 text38       000000
__Ltext39                                 text39       000000
__Ltext4                                  text4        000000
__Ltext40                                 text40       000000
__Ltext41                                 text41       000000
__Ltext42                                 text42       000000
__Ltext43                                 text43       000000
__Ltext44                                 text44       000000
__Ltext45                                 text45       000000
__Ltext46                                 text46       000000
__Ltext47                                 text47       000000
__Ltext48                                 text48       000000
__Ltext5                                  text5        000000
__Ltext50                                 text50       000000
__Ltext51                                 text51       000000
__Ltext52                                 text52       000000
__Ltext53                                 text53       000000
__Ltext54                                 text54       000000
__Ltext55                                 text55       000000
__Ltext56                                 text56       000000
__Ltext57                                 text57       000000
__Ltext58                                 text58       000000
__Ltext6                                  text6        000000
__Ltext7                                  text7        000000
__Ltext8                                  text8        000000
__Ltext9                                  text9        000000
__S0                                      (abs)        30000E
__S1                                      (abs)        00057F
___awdiv                                  text43       0014B6
___awdiv@counter                          cstackBANK0  000070
___awdiv@dividend                         cstackBANK0  00006C
___awdiv@divisor                          cstackBANK0  00006E
___awdiv@quotient                         cstackBANK0  000072
___awdiv@sign                             cstackBANK0  000071
___awmod                                  text44       001618
___awmod@counter                          cstackBANK0  000070
___awmod@dividend                         cstackBANK0  00006C
___awmod@divisor                          cstackBANK0  00006E
___awmod@sign                             cstackBANK0  000071
___lbmod                                  text45       001B2E
___lbmod@counter                          cstackBANK0  00006E
___lbmod@dividend                         cstackBANK0  00006D
___lbmod@divisor                          cstackBANK0  00006C
___lbmod@rem                              cstackBANK0  00006F
___lwdiv                                  text46       001894
___lwdiv@counter                          cstackBANK0  000072
___lwdiv@dividend                         cstackBANK0  00006C
___lwdiv@divisor                          cstackBANK0  00006E
___lwdiv@quotient                         cstackBANK0  000070
___lwmod                                  text47       0019EC
___lwmod@counter                          cstackBANK0  000077
___lwmod@dividend                         cstackBANK0  000073
___lwmod@divisor                          cstackBANK0  000075
___wmul                                   text48       001B02
___wmul@multiplicand                      cstackBANK0  00006E
___wmul@multiplier                        cstackBANK0  00006C
___wmul@product                           cstackBANK0  000070
__accesstop                               (abs)        000060
__activetblptr                            (abs)        000002
__end_ofPL10                              text22       000536
__end_ofPL12                              text21       0007C8
__end_ofPL14                              text21       0007D6
__end_ofPL16                              text15       0010E8
__end_ofPL18                              text21       0007E4
__end_ofPL2                               text22       0004DE
__end_ofPL20                              text21       0007F4
__end_ofPL22                              text21       000806
__end_ofPL24                              text22       000554
__end_ofPL26                              text22       000564
__end_ofPL28                              text22       00057A
__end_ofPL30                              text23       000E42
__end_ofPL32                              text22       000590
__end_ofPL34                              text22       0005A2
__end_ofPL36                              text21       000814
__end_ofPL38                              text22       0005B6
__end_ofPL4                               text22       0004F2
__end_ofPL40                              text29       000C10
__end_ofPL42                              text23       000E54
__end_ofPL44                              text58       000D58
__end_ofPL46                              text22       0005C8
__end_ofPL48                              text22       0005D8
__end_ofPL50                              text8        000AD0
__end_ofPL52                              text22       0005E8
__end_ofPL54                              text29       000C1E
__end_ofPL56                              text22       0005F6
__end_ofPL58                              text10       000976
__end_ofPL6                               text22       000504
__end_ofPL60                              text58       000D66
__end_ofPL62                              text36       00179E
__end_ofPL64                              text22       000602
__end_ofPL66                              text22       00060A
__end_ofPL8                               text22       00051A
__end_of___awdiv                          text43       00152E
__end_of___awmod                          text44       001680
__end_of___lbmod                          text45       001B58
__end_of___lwdiv                          text46       0018DE
__end_of___lwmod                          text47       001A2A
__end_of___wmul                           text48       001B2E
__end_of__initialization                  cinit        001738
__end_of__stringdata                      mediumconst  007FFE
__end_of_adc_init                         text39       001C1A
__end_of_adc_read                         text57       00196A
__end_of_cla_add_value                    text21       0007B2
__end_of_delay_interrupt_service          text50       001C62
__end_of_delay_ms                         text1        001C2C
__end_of_detection_obtain_analog_service  text56       001B98
__end_of_detection_task                   text2        0015A4
__end_of_dpowers                          mediumconst  007DBC
__end_of_get_parameter                    text27       0014B6
__end_of_gpio_init                        text40       001C50
__end_of_isr_high                         intcode      00007C
__end_of_main                             text1        001C1A
__end_of_on_parameter_found               text20       0016E4
__end_of_pd_add_value                     text22       0004B6
__end_of_printf                           text23       000E2C
__end_of_putch                            text24       001C06
__end_of_rd_buffer_cnt                    text5        00184A
__end_of_rd_buffer_get                    text7        000FBE
__end_of_rd_buffer_getn                   text6        001A66
__end_of_rd_buffer_init                   text42       0019EC
__end_of_rd_buffer_put                    text29       000BFE
__end_of_rd_buffer_readline               text4        0019AC
__end_of_serialport_service               text51       001AA0
__end_of_serialport_startup               text41       001AD2
__end_of_serialport_task                  text3        00132A
__end_of_serialport_write                 text28       001894
__end_of_set_parameter                    text25       0012A0
__end_of_startup                          text31       001924
__end_of_string_utils_copy                text14       0013B2
__end_of_string_utils_from_hex            text16       00117C
__end_of_string_utils_is_symbol           text18       001BD2
__end_of_string_utils_is_upper_case       text12       001BEC
__end_of_string_utils_split               text9        001436
__end_of_string_utils_strchr              text15       0010C4
__end_of_string_utils_strlen              text17       0017F8
__end_of_string_utils_strncmp             text11       001054
__end_of_symb_from_hex_to_bin             text19       001618
__end_of_syntax_as_integer                text26       001C98
__end_of_syntax_get_text                  text30       001C8E
__end_of_syntax_string                    text8        000AC0
__end_of_sysclk_init                      text32       001CAE
__end_of_sysclk_setup_intosc              text33       001C72
__end_of_syx_param_list                   mediumconst  007FCC
__end_of_this_parse_item                  text10       000968
__end_of_this_variable_load_from_text     text13       00120E
__end_of_uart_byte_available              text54       001CA8
__end_of_uart_byte_sent                   text38       001CA0
__end_of_uart_error                       text55       001C82
__end_of_uart_getc                        text52       001B02
__end_of_uart_init                        text34       001B78
__end_of_uart_putc                        text37       001C3E
__end_of_uart_puts                        text36       001792
__end_of_uart_reset                       text53       001BB6
__end_of_uart_set_baudrate                text35       001CB4
__end_ofi2_rd_buffer_put                  text58       000D46
__end_ofinterrupts@isr_high               intcode      0000F0
__initialization                          cinit        0016E4
__mediumconst                             mediumconst  007DB2
__pbssBANK0                               bssBANK0     0000A9
__pbssBANK1                               bssBANK1     000100
__pbssBANK2                               bssBANK2     000200
__pbssBANK3                               bssBANK3     000300
__pbssBANK4                               bssBANK4     000400
__pbssBANK5                               bssBANK5     000500
__pbssCOMRAM                              bssCOMRAM    00002B
__pcinit                                  cinit        0016E4
__pcstackBANK0                            cstackBANK0  000060
__pcstackCOMRAM                           cstackCOMRAM 000001
__pintcode                                intcode      000008
__pmediumconst                            mediumconst  007DB2
__pnvBANK0                                nvBANK0      0000ED
__ptext0                                  text0        000E54
__ptext1                                  text1        001C1A
__ptext10                                 text10       000814
__ptext11                                 text11       000FBE
__ptext12                                 text12       001BD2
__ptext13                                 text13       00117C
__ptext14                                 text14       00132A
__ptext15                                 text15       001054
__ptext16                                 text16       0010E8
__ptext17                                 text17       00179E
__ptext18                                 text18       001BB6
__ptext19                                 text19       0015A4
__ptext2                                  text2        00152E
__ptext20                                 text20       001680
__ptext21                                 text21       00060A
__ptext22                                 text22       0000F4
__ptext23                                 text23       000D66
__ptext24                                 text24       001BEC
__ptext25                                 text25       00120E
__ptext26                                 text26       001C8E
__ptext27                                 text27       001436
__ptext28                                 text28       00184A
__ptext29                                 text29       000AD0
__ptext3                                  text3        0012A0
__ptext30                                 text30       001C82
__ptext31                                 text31       0018DE
__ptext32                                 text32       001CA8
__ptext33                                 text33       001C62
__ptext34                                 text34       001B58
__ptext35                                 text35       001CAE
__ptext36                                 text36       001742
__ptext37                                 text37       001C2C
__ptext38                                 text38       001C98
__ptext39                                 text39       001C06
__ptext4                                  text4        00196A
__ptext40                                 text40       001C3E
__ptext41                                 text41       001AA0
__ptext42                                 text42       0019AC
__ptext43                                 text43       0014B6
__ptext44                                 text44       001618
__ptext45                                 text45       001B2E
__ptext46                                 text46       001894
__ptext47                                 text47       0019EC
__ptext48                                 text48       001B02
__ptext5                                  text5        0017F8
__ptext50                                 text50       001C50
__ptext51                                 text51       001A66
__ptext52                                 text52       001AD2
__ptext53                                 text53       001B98
__ptext54                                 text54       001CA0
__ptext55                                 text55       001C72
__ptext56                                 text56       001B78
__ptext57                                 text57       001924
__ptext58                                 text58       000C1E
__ptext6                                  text6        001A2A
__ptext7                                  text7        000F16
__ptext8                                  text8        000976
__ptext9                                  text9        0013B2
__ramtop                                  ramtop       000600
__size_of___awdiv                         (abs)        000000
__size_of___awmod                         (abs)        000000
__size_of___lbmod                         (abs)        000000
__size_of___lwdiv                         (abs)        000000
__size_of___lwmod                         (abs)        000000
__size_of___wmul                          (abs)        000000
__size_of_adc_init                        (abs)        000000
__size_of_adc_read                        (abs)        000000
__size_of_cla_add_value                   (abs)        000000
__size_of_delay_interrupt_service         (abs)        000000
__size_of_delay_ms                        (abs)        000000
__size_of_detection_obtain_analog_service (abs)        000000
__size_of_detection_task                  (abs)        000000
__size_of_get_parameter                   (abs)        000000
__size_of_gpio_init                       (abs)        000000
__size_of_isr_high                        (abs)        000000
__size_of_main                            (abs)        000000
__size_of_on_parameter_found              (abs)        000000
__size_of_pd_add_value                    (abs)        000000
__size_of_printf                          (abs)        000000
__size_of_putch                           (abs)        000000
__size_of_rd_buffer_cnt                   (abs)        000000
__size_of_rd_buffer_get                   (abs)        000000
__size_of_rd_buffer_getn                  (abs)        000000
__size_of_rd_buffer_init                  (abs)        000000
__size_of_rd_buffer_put                   (abs)        000000
__size_of_rd_buffer_readline              (abs)        000000
__size_of_serialport_service              (abs)        000000
__size_of_serialport_startup              (abs)        000000
__size_of_serialport_task                 (abs)        000000
__size_of_serialport_write                (abs)        000000
__size_of_set_parameter                   (abs)        000000
__size_of_startup                         (abs)        000000
__size_of_string_utils_copy               (abs)        000000
__size_of_string_utils_from_hex           (abs)        000000
__size_of_string_utils_is_symbol          (abs)        000000
__size_of_string_utils_is_upper_case      (abs)        000000
__size_of_string_utils_split              (abs)        000000
__size_of_string_utils_strchr             (abs)        000000
__size_of_string_utils_strlen             (abs)        000000
__size_of_string_utils_strncmp            (abs)        000000
__size_of_symb_from_hex_to_bin            (abs)        000000
__size_of_syntax_as_integer               (abs)        000000
__size_of_syntax_get_text                 (abs)        000000
__size_of_syntax_string                   (abs)        000000
__size_of_sysclk_init                     (abs)        000000
__size_of_sysclk_setup_intosc             (abs)        000000
__size_of_this_parse_item                 (abs)        000000
__size_of_this_variable_load_from_text    (abs)        000000
__size_of_uart_byte_available             (abs)        000000
__size_of_uart_byte_sent                  (abs)        000000
__size_of_uart_error                      (abs)        000000
__size_of_uart_getc                       (abs)        000000
__size_of_uart_init                       (abs)        000000
__size_of_uart_putc                       (abs)        000000
__size_of_uart_puts                       (abs)        000000
__size_of_uart_reset                      (abs)        000000
__size_of_uart_set_baudrate               (abs)        000000
__size_ofi2_rd_buffer_put                 (abs)        000000
__size_ofinterrupts@isr_high              (abs)        000000
__smallconst                              smallconst   000000
__stringdata                              mediumconst  007FCC
_adc_init                                 text39       001C06
_adc_read                                 text57       001924
_bitcount                                 bssCOMRAM    000041
_cla_add_value                            text21       00060A
_cla_add_value$966                        cstackBANK0  000074
_cla_add_value$967                        cstackBANK0  000076
_cla_detector                             bssBANK0     0000C2
_command_id                               bssBANK0     0000EB
_delay_interrupt_service                  text50       001C50
_delay_ms                                 text1        001C1A
_detection_obtain_analog_service          text56       001B78
_detection_task                           text2        00152E
_dpowers                                  mediumconst  007DB2
_event_miss                               bssCOMRAM    00002B
_events                                   bssBANK0     0000A9
_g_CONFIG                                 bssBANK0     0000D7
_g_STATUS                                 bssCOMRAM    00003B
_g_analog0                                bssBANK0     0000B9
_g_analog1                                bssCOMRAM    00003D
_g_analog2                                bssCOMRAM    00003F
_g_rx_buffer                              bssBANK2     00027F
_g_tx_buffer                              bssBANK1     000100
_get_parameter                            text27       001436
_gpio_init                                text40       001C3E
_i2c_buff                                 bssCOMRAM    000042
_isr_high                                 intcode      000008
_main                                     text0        000E54
_meas_buffer                              bssBANK4     000450
_on_parameter_found                       text20       001680
_parameter_id                             bssBANK0     0000EC
_parameter_text                           bssBANK3     000300
_parameter_type                           bssBANK0     0000BB
_parameter_value                          bssBANK2     000200
_pd_add_value                             text22       0000F4
_pd_add_value$1080                        cstackBANK0  00007E
_pd_add_value$1081                        cstackBANK0  000080
_pd_add_value$1082                        cstackBANK0  000082
_pd_add_value$1083                        cstackBANK0  000084
_pd_add_value$1084                        cstackBANK0  000086
_pd_detector                              bssBANK1     00016B
_pool                                     bssCOMRAM    000033
_printf                                   text23       000D66
_putch                                    text24       001BEC
_rd_buffer_cnt                            text5        0017F8
_rd_buffer_get                            text7        000F16
_rd_buffer_getn                           text6        001A2A
_rd_buffer_init                           text42       0019AC
_rd_buffer_put                            text29       000AD0
_rd_buffer_put$482                        cstackBANK0  000078
_rd_buffer_readline                       text4        00196A
_serialport_buffer                        bssBANK3     00037F
_serialport_service                       text51       001A66
_serialport_startup                       text41       001AA0
_serialport_task                          text3        0012A0
_serialport_write                         text28       00184A
_set_parameter                            text25       00120E
_startup                                  text31       0018DE
_string_utils_copy                        text14       00132A
_string_utils_from_hex                    text16       0010E8
_string_utils_is_symbol                   text18       001BB6
_string_utils_is_symbol$756               cstackBANK0  00006C
_string_utils_is_upper_case               text12       001BD2
_string_utils_is_upper_case$750           cstackBANK0  00006C
_string_utils_split                       text9        0013B2
_string_utils_strchr                      text15       001054
_string_utils_strlen                      text17       00179E
_string_utils_strncmp                     text11       000FBE
_symb_from_hex_to_bin                     text19       0015A4
_syntax_as_integer                        text26       001C8E
_syntax_get_text                          text30       001C82
_syntax_string                            text8        000976
_sysclk_init                              text32       001CA8
_sysclk_setup_intosc                      text33       001C62
_syx_param_list                           mediumconst  007DBC
_this_alarm                               bssBANK0     0000BC
_this_buf                                 bssBANK5     000500
_this_case_sensitive                      bssBANK0     0000BD
_this_contains_crlf                       bssBANK0     0000BE
_this_delay_timer_ms                      nvBANK0      0000ED
_this_parse_item                          text10       000814
_this_variable_load_from_text             text13       00117C
_this_warning                             bssBANK0     0000BF
_uart_byte_available                      text54       001CA0
_uart_byte_sent                           text38       001C98
_uart_error                               text55       001C72
_uart_error$257                           cstackCOMRAM 00001A
_uart_getc                                text52       001AD2
_uart_init                                text34       001B58
_uart_putc                                text37       001C2C
_uart_puts                                text36       001742
_uart_reset                               text53       001B98
_uart_set_baudrate                        text35       001CAE
adc_read@adc_number                       cstackCOMRAM 00001D
cla_add_value@d                           cstackBANK0  000078
cla_add_value@val                         cstackBANK0  00006C
cla_add_value@zero                        cstackBANK0  00006E
delay_ms@delay                            cstackBANK0  00006C
detection_obtain_analog_service@adc_data  cstackBANK0  000062
detection_task@alarm_cla                  bssBANK0     0000C0
detection_task@alarm_wav                  bssBANK0     0000C1
detection_task@zero                       cstackBANK0  00008B
end_of_initialization                     cinit        001738
get_parameter@p_id                        cstackBANK0  00007F
i2_rd_buffer_put                          text58       000C1E
i2_rd_buffer_put$482                      cstackCOMRAM 000026
i2rd_buffer_put@ind                       cstackCOMRAM 000029
i2rd_buffer_put@mes_rec                   cstackCOMRAM 000024
i2rd_buffer_put@pbuffer                   cstackCOMRAM 00001A
i2rd_buffer_put@prec                      cstackCOMRAM 00001C
i2rd_buffer_put@sz                        cstackCOMRAM 000027
interrupts@isr_high                       intcode      00007C
intlevel0                                 text         000000
intlevel1                                 text         000000
intlevel2                                 text         000000
intlevel3                                 text         000000
main@event_old                            cstackBANK0  0000A6
main@event_priority                       cstackBANK0  0000A7
main@i                                    cstackBANK0  0000A8
on_parameter_found@cmd_id                 cstackBANK0  000091
on_parameter_found@operation              cstackBANK0  000097
on_parameter_found@p_id                   cstackBANK0  000092
pd_add_value@d                            cstackBANK0  000074
pd_add_value@i                            cstackBANK0  00008A
pd_add_value@tmp                          cstackBANK0  000088
pd_add_value@val                          cstackBANK0  000076
printf@_val                               cstackBANK0  00008B
printf@ap                                 cstackBANK0  000088
printf@c                                  cstackBANK0  000090
printf@f                                  cstackBANK0  00007E
printf@flag                               cstackBANK0  000089
printf@prec                               cstackBANK0  00008A
putch@byte                                cstackBANK0  00007D
rd_buffer_cnt@pbuffer                     cstackBANK0  00006C
rd_buffer_cnt@sz                          cstackBANK0  000072
rd_buffer_get@first                       cstackBANK0  000075
rd_buffer_get@last                        cstackBANK0  000072
rd_buffer_get@pbuffer                     cstackBANK0  00006C
rd_buffer_get@prec                        cstackBANK0  00006E
rd_buffer_get@result                      cstackBANK0  000074
rd_buffer_getn@i                          cstackBANK0  00007E
rd_buffer_getn@pbuffer                    cstackBANK0  000077
rd_buffer_getn@prec                       cstackBANK0  000079
rd_buffer_getn@rec_count                  cstackBANK0  00007B
rd_buffer_init@pbuffer                    cstackBANK0  00006C
rd_buffer_init@result                     cstackBANK0  000070
rd_buffer_init@size                       cstackBANK0  00006E
rd_buffer_put@ind                         cstackBANK0  00007B
rd_buffer_put@mes_rec                     cstackBANK0  000076
rd_buffer_put@pbuffer                     cstackBANK0  00006C
rd_buffer_put@prec                        cstackBANK0  00006E
rd_buffer_put@sz                          cstackBANK0  000079
rd_buffer_readline@ch                     cstackBANK0  00007C
rd_buffer_readline@pbuffer                cstackBANK0  000077
rd_buffer_readline@pdata                  cstackBANK0  000079
rd_buffer_readline@psize                  cstackBANK0  00007B
serialport_service@byte                   cstackBANK0  000063
serialport_startup@result                 cstackBANK0  000072
serialport_task@size                      cstackBANK0  0000A3
serialport_write@pstr                     cstackBANK0  00007D
set_parameter@ok                          cstackBANK0  000080
set_parameter@p_id                        cstackBANK0  00007F
start                                     init         0000F0
start_initialization                      cinit        0016E4
startup@result                            cstackBANK0  000073
string_utils_copy@maxlen                  cstackBANK0  000071
string_utils_copy@pdst                    cstackBANK0  00006C
string_utils_copy@psrc                    cstackBANK0  00006E
string_utils_copy@result                  cstackBANK0  000073
string_utils_from_hex@i                   cstackBANK0  00007F
string_utils_from_hex@j                   cstackBANK0  00007D
string_utils_from_hex@len                 cstackBANK0  00007B
string_utils_from_hex@pdata               cstackBANK0  000074
string_utils_from_hex@phex_str            cstackBANK0  000076
string_utils_is_symbol@symb               cstackBANK0  00006D
string_utils_is_upper_case@symb           cstackBANK0  00006D
string_utils_split@chains                 cstackBANK0  000075
string_utils_split@delimeter              cstackBANK0  000072
string_utils_split@i                      cstackBANK0  000073
string_utils_split@len                    cstackBANK0  000070
string_utils_split@pbuf                   cstackBANK0  00006C
string_utils_split@prev                   cstackBANK0  000077
string_utils_split@pstr                   cstackBANK0  00006E
string_utils_split@symb                   cstackBANK0  000078
string_utils_strchr@delimeter             cstackBANK0  00006F
string_utils_strchr@pbuf                  cstackBANK0  00006C
string_utils_strchr@pos                   cstackBANK0  000075
string_utils_strchr@result                cstackBANK0  000073
string_utils_strlen@i                     cstackBANK0  000072
string_utils_strlen@pstr                  cstackBANK0  00006E
string_utils_strncmp@case_sensitive       cstackBANK0  000074
string_utils_strncmp@len                  cstackBANK0  000072
string_utils_strncmp@pos                  cstackBANK0  000078
string_utils_strncmp@pstr1                cstackBANK0  00006E
string_utils_strncmp@pstr2                cstackBANK0  000070
string_utils_strncmp@result               cstackBANK0  000077
string_utils_strncmp@symb1                cstackBANK0  00007A
string_utils_strncmp@symb2                cstackBANK0  00007B
symb_from_hex_to_bin@symb                 cstackBANK0  00006C
syntax_string@case_sensitive              cstackBANK0  00009A
syntax_string@chains                      cstackBANK0  0000A2
syntax_string@pchain                      cstackBANK0  0000A0
syntax_string@pos                         cstackBANK0  00009F
syntax_string@pstr                        cstackBANK0  000098
syntax_string@result                      cstackBANK0  00009E
syntax_string@str_len                     cstackBANK0  00009C
sysclk_setup_intosc@frequency             cstackBANK0  00006C
this_parse_item@i                         cstackBANK0  000094
this_parse_item@is_equal                  cstackBANK0  00008B
this_parse_item@pitem                     cstackBANK0  000088
this_parse_item@pstr                      cstackBANK0  000086
this_parse_item@pval                      cstackBANK0  000091
this_parse_item@pvar                      cstackBANK0  00008D
this_parse_item@result                    cstackBANK0  00008C
this_parse_item@str_len                   cstackBANK0  00008F
this_parse_item@var_len                   cstackBANK0  000095
this_variable_load_from_text@len          cstackBANK0  000084
this_variable_load_from_text@pval         cstackBANK0  000081
uart_getc@pbyte                           cstackCOMRAM 00001B
uart_getc@result                          cstackCOMRAM 00001C
uart_putc@byte                            cstackBANK0  00006C
uart_puts@pstr                            cstackBANK0  00006D
uart_puts@size                            cstackBANK0  00006F


FUNCTION INFORMATION:

 *************** function _main *****************
 Defined at:
		line 14 in file "src/main.c"
 Parameters:    Size  Location     Type
		None
 Auto vars:     Size  Location     Type
  i               1   72[BANK0 ] unsigned char 
  event_priori    1   71[BANK0 ] char 
  event_old       1   70[BANK0 ] char 
 Return value:  Size  Location     Type
                  2  1011[COMRAM] int 
 Registers used:
		wreg, fsr0l, fsr0h, fsr1l, fsr1h, fsr2l, fsr2h, status,2, status,0, pclat, tosl, structret, tblptrl, tblptrh, tblptru, prodl, prodh, bsr, cstack
 Tracked objects:
		On entry : 
		On exit  : 
		Unchanged: 
 Data sizes:     COMRAM   BANK0   BANK1   BANK2   BANK3   BANK4   BANK5
      Params:         0       0       0       0       0       0       0
      Locals:         0       3       0       0       0       0       0
      Temps:          0       1       0       0       0       0       0
      Totals:         0       4       0       0       0       0       0
Total ram usage:        4 bytes
 Hardware stack levels required when called:   12
 This function calls:
		_delay_ms
		_startup
		_detection_task
		_serialport_task
 This function is called by:
		Startup code after reset
 This function uses a non-reentrant model


 *************** function _delay_ms *****************
 Defined at:
		line 28 in file "src/drivers/delay.c"
 Parameters:    Size  Location     Type
  delay           2   12[BANK0 ] unsigned int 
 Auto vars:     Size  Location     Type
		None
 Return value:  Size  Location     Type
		None               void
 Registers used:
		wreg, status,2, status,0
 Tracked objects:
		On entry : 
		On exit  : 
		Unchanged: 
 Data sizes:     COMRAM   BANK0   BANK1   BANK2   BANK3   BANK4   BANK5
      Params:         0       2       0       0       0       0       0
      Locals:         0       0       0       0       0       0       0
      Temps:          0       0       0       0       0       0       0
      Totals:         0       2       0       0       0       0       0
Total ram usage:        2 bytes
 Hardware stack levels used:    1
 Hardware stack levels required when called:    5
 This function calls:
		Nothing
 This function is called by:
		_main
 This function uses a non-reentrant model


 *************** function _detection_task *****************
 Defined at:
		line 81 in file "src/modules/detection.c"
 Parameters:    Size  Location     Type
		None
 Auto vars:     Size  Location     Type
  zero            3   43[BANK0 ] m
 Return value:  Size  Location     Type
		None               void
 Registers used:
		wreg, fsr1l, fsr1h, fsr2l, fsr2h, status,2, status,0, prodl, prodh, cstack
 Tracked objects:
		On entry : 
		On exit  : 
		Unchanged: 
 Data sizes:     COMRAM   BANK0   BANK1   BANK2   BANK3   BANK4   BANK5
      Params:         0       0       0       0       0       0       0
      Locals:         0       3       0       0       0       0       0
      Temps:          0       0       0       0       0       0       0
      Totals:         0       3       0       0       0       0       0
Total ram usage:        3 bytes
 Hardware stack levels used:    1
 Hardware stack levels required when called:    7
 This function calls:
		_pd_add_value
		_cla_add_value
 This function is called by:
		_startup
		_main
 This function uses a non-reentrant model


 *************** function _serialport_task *****************
 Defined at:
		line 35 in file "src/modules/serialport.c"
 Parameters:    Size  Location     Type
		None
 Auto vars:     Size  Location     Type
  size            2   67[BANK0 ] int 
 Return value:  Size  Location     Type
		None               void
 Registers used:
		wreg, fsr0l, fsr0h, fsr1l, fsr1h, fsr2l, fsr2h, status,2, status,0, pclat, tosl, structret, tblptrl, tblptrh, tblptru, prodl, prodh, bsr, cstack
 Tracked objects:
		On entry : 
		On exit  : 
		Unchanged: 
 Data sizes:     COMRAM   BANK0   BANK1   BANK2   BANK3   BANK4   BANK5
      Params:         0       0       0       0       0       0       0
      Locals:         0       2       0       0       0       0       0
      Temps:          0       0       0       0       0       0       0
      Totals:         0       2       0       0       0       0       0
Total ram usage:        2 bytes
 Hardware stack levels used:    1
 Hardware stack levels required when called:   11
 This function calls:
		_rd_buffer_readline
		_syntax_string
		_rd_buffer_cnt
		_rd_buffer_getn
		_uart_puts
 This function is called by:
		_startup
		_main
 This function uses a non-reentrant model


 *************** function _rd_buffer_readline *****************
 Defined at:
		line 39 in file "src/modules/rd_buffer.c"
 Parameters:    Size  Location     Type
  pbuffer         2   23[BANK0 ] PTR struct .
		 -> g_rx_buffer(107), 
  pdata           2   25[BANK0 ] PTR unsigned char 
		 -> serialport_buffer(100), 
  psize           1   27[BANK0 ] PTR int 
		 -> serialport_task@size(2), 
 Auto vars:     Size  Location     Type
  ch              1   28[BANK0 ] unsigned char 
 Return value:  Size  Location     Type
                  1    wreg      unsigned char 
 Registers used:
		wreg, fsr1l, fsr1h, fsr2l, fsr2h, status,2, status,0, cstack
 Tracked objects:
		On entry : 
		On exit  : 
		Unchanged: 
 Data sizes:     COMRAM   BANK0   BANK1   BANK2   BANK3   BANK4   BANK5
      Params:         0       5       0       0       0       0       0
      Locals:         0       1       0       0       0       0       0
      Temps:          0       0       0       0       0       0       0
      Totals:         0       6       0       0       0       0       0
Total ram usage:        6 bytes
 Hardware stack levels used:    1
 Hardware stack levels required when called:    6
 This function calls:
		_rd_buffer_get
 This function is called by:
		_serialport_task
 This function uses a non-reentrant model


 *************** function _rd_buffer_cnt *****************
 Defined at:
		line 63 in file "src/modules/rd_buffer.c"
 Parameters:    Size  Location     Type
  pbuffer         2   12[BANK0 ] PTR struct .
		 -> g_tx_buffer(107), 
 Auto vars:     Size  Location     Type
  sz              2   18[BANK0 ] int 
 Return value:  Size  Location     Type
                  2   12[BANK0 ] int 
 Registers used:
		wreg, fsr2l, fsr2h, status,2, status,0
 Tracked objects:
		On entry : 
		On exit  : 
		Unchanged: 
 Data sizes:     COMRAM   BANK0   BANK1   BANK2   BANK3   BANK4   BANK5
      Params:         0       2       0       0       0       0       0
      Locals:         0       2       0       0       0       0       0
      Temps:          0       4       0       0       0       0       0
      Totals:         0       8       0       0       0       0       0
Total ram usage:        8 bytes
 Hardware stack levels used:    1
 Hardware stack levels required when called:    5
 This function calls:
		Nothing
 This function is called by:
		_serialport_task
 This function uses a non-reentrant model


 *************** function _rd_buffer_getn *****************
 Defined at:
		line 185 in file "src/modules/rd_buffer.c"
 Parameters:    Size  Location     Type
  pbuffer         2   23[BANK0 ] PTR struct .
		 -> g_tx_buffer(107), 
  prec            2   25[BANK0 ] PTR unsigned char 
		 -> serialport_buffer(100), 
  rec_count       2   27[BANK0 ] int 
 Auto vars:     Size  Location     Type
  i               2   30[BANK0 ] int 
  result          1    0        unsigned char 
 Return value:  Size  Location     Type
                  1    wreg      unsigned char 
 Registers used:
		wreg, fsr1l, fsr1h, fsr2l, fsr2h, status,2, status,0, cstack
 Tracked objects:
		On entry : 
		On exit  : 
		Unchanged: 
 Data sizes:     COMRAM   BANK0   BANK1   BANK2   BANK3   BANK4   BANK5
      Params:         0       6       0       0       0       0       0
      Locals:         0       3       0       0       0       0       0
      Temps:          0       0       0       0       0       0       0
      Totals:         0       9       0       0       0       0       0
Total ram usage:        9 bytes
 Hardware stack levels used:    1
 Hardware stack levels required when called:    6
 This function calls:
		_rd_buffer_get
 This function is called by:
		_serialport_task
 This function uses a non-reentrant model


[...]
  multiplier      2   12[BANK0 ] unsigned int 
  multiplicand    2   14[BANK0 ] unsigned int 
 Auto vars:     Size  Location     Type
  product         2   16[BANK0 ] unsigned int 
 Return value:  Size  Location     Type
                  2   12[BANK0 ] unsigned int 
 Registers used:
		wreg, status,2, status,0
 Tracked objects:
		On entry : 
		On exit  : 
		Unchanged: 
 Data sizes:     COMRAM   BANK0   BANK1   BANK2   BANK3   BANK4   BANK5
      Params:         0       4       0       0       0       0       0
      Locals:         0       2       0       0       0       0       0
      Temps:          0       0       0       0       0       0       0
      Totals:         0       6       0       0       0       0       0
Total ram usage:        6 bytes
 Hardware stack levels used:    1
 Hardware stack levels required when called:    5
 This function calls:
		Nothing
 This function is called by:
		_pd_add_value
 This function uses a non-reentrant model


 *************** function _isr_high *****************
 Defined at:
		line 16 in file "src/interrupts.c"
 Parameters:    Size  Location     Type
		None
 Auto vars:     Size  Location     Type
		None
 Return value:  Size  Location     Type
		None               void
 Registers used:
		wreg, fsr0l, fsr0h, fsr2l, fsr2h, status,2, status,0, tblptrl, tblptrh, tblptru, cstack
 Tracked objects:
		On entry : 
		On exit  : 
		Unchanged: 
 Data sizes:     COMRAM   BANK0   BANK1   BANK2   BANK3   BANK4   BANK5
      Params:         0       0       0       0       0       0       0
      Locals:         0       0       0       0       0       0       0
      Temps:          8       0       0       0       0       0       0
      Totals:         8       0       0       0       0       0       0
Total ram usage:        8 bytes
 Hardware stack levels used:    1
 Hardware stack levels required when called:    4
 This function calls:
		_delay_interrupt_service
		_serialport_service
		_detection_obtain_analog_service
 This function is called by:
		Interrupt level 2
 This function uses a non-reentrant model


 *************** function _delay_interrupt_service *****************
 Defined at:
		line 70 in file "src/drivers/delay.c"
 Parameters:    Size  Location     Type
		None
 Auto vars:     Size  Location     Type
		None
 Return value:  Size  Location     Type
		None               void
 Registers used:
		wreg, status,2, status,0
 Tracked objects:
		On entry : 
		On exit  : 
		Unchanged: 
 Data sizes:     COMRAM   BANK0   BANK1   BANK2   BANK3   BANK4   BANK5
      Params:         0       0       0       0       0       0       0
      Locals:         0       0       0       0       0       0       0
      Temps:          0       0       0       0       0       0       0
      Totals:         0       0       0       0       0       0       0
Total ram usage:        0 bytes
 Hardware stack levels used:    1
 This function calls:
		Nothing
 This function is called by:
		_isr_high
		interrupts@isr_high
 This function uses a non-reentrant model


 *************** function _serialport_service *****************
 Defined at:
		line 24 in file "src/modules/serialport.c"
 Parameters:    Size  Location     Type
		None
 Auto vars:     Size  Location     Type
  byte            1    3[BANK0 ] unsigned char 
 Return value:  Size  Location     Type
		None               void
 Registers used:
		wreg, fsr0l, fsr0h, fsr2l, fsr2h, status,2, status,0, tblptrl, tblptrh, tblptru, cstack
 Tracked objects:
		On entry : 
		On exit  : 
		Unchanged: 
 Data sizes:     COMRAM   BANK0   BANK1   BANK2   BANK3   BANK4   BANK5
      Params:         0       0       0       0       0       0       0
      Locals:         0       1       0       0       0       0       0
      Temps:          0       1       0       0       0       0       0
      Totals:         0       2       0       0       0       0       0
Total ram usage:        2 bytes
 Hardware stack levels used:    1
 Hardware stack levels required when called:    3
 This function calls:
		_uart_byte_available
		_uart_getc
		i2_rd_buffer_put
 This function is called by:
		_isr_high
		interrupts@isr_high
 This function uses a non-reentrant model


 *************** function _uart_getc *****************
 Defined at:
		line 56 in file "src/drivers/uart.c"
 Parameters:    Size  Location     Type
  pbyte           1    wreg     PTR unsigned char 
		 -> serialport_service@byte(1), 
 Auto vars:     Size  Location     Type
  pbyte           1   26[COMRAM] PTR unsigned char 
		 -> serialport_service@byte(1), 
  result          1   27[COMRAM] enum E3388
 Return value:  Size  Location     Type
                  1    wreg      enum E3388
 Registers used:
		wreg, fsr2l, fsr2h, status,2, cstack
 Tracked objects:
		On entry : 
		On exit  : 
		Unchanged: 
 Data sizes:     COMRAM   BANK0   BANK1   BANK2   BANK3   BANK4   BANK5
      Params:         0       0       0       0       0       0       0
      Locals:         2       0       0       0       0       0       0
      Temps:          0       0       0       0       0       0       0
      Totals:         2       0       0       0       0       0       0
Total ram usage:        2 bytes
 Hardware stack levels used:    1
 Hardware stack levels required when called:    2
 This function calls:
		_uart_error
		_uart_reset
		_uart_byte_available
 This function is called by:
		_serialport_service
 This function uses a non-reentrant model


 *************** function _uart_reset *****************
 Defined at:
		line 73 in file "src/drivers/uart.c"
 Parameters:    Size  Location     Type
		None
 Auto vars:     Size  Location     Type
		None
 Return value:  Size  Location     Type
		None               void
 Registers used:
		wreg, status,2, cstack
 Tracked objects:
		On entry : 
		On exit  : 
		Unchanged: 
 Data sizes:     COMRAM   BANK0   BANK1   BANK2   BANK3   BANK4   BANK5
      Params:         0       0       0       0       0       0       0
      Locals:         0       0       0       0       0       0       0
      Temps:          0       0       0       0       0       0       0
      Totals:         0       0       0       0       0       0       0
Total ram usage:        0 bytes
 Hardware stack levels used:    1
 Hardware stack levels required when called:    1
 This function calls:
		_uart_byte_available
		_uart_error
 This function is called by:
		_uart_getc
 This function uses a non-reentrant model


 *************** function _uart_byte_available *****************
 Defined at:
		line 52 in file "src/drivers/uart.c"
 Parameters:    Size  Location     Type
		None
 Auto vars:     Size  Location     Type
		None
 Return value:  Size  Location     Type
                  1    wreg      unsigned char 
 Registers used:
		wreg
 Tracked objects:
		On entry : 
		On exit  : 
		Unchanged: 
 Data sizes:     COMRAM   BANK0   BANK1   BANK2   BANK3   BANK4   BANK5
      Params:         0       0       0       0       0       0       0
      Locals:         0       0       0       0       0       0       0
      Temps:          0       0       0       0       0       0       0
      Totals:         0       0       0       0       0       0       0
Total ram usage:        0 bytes
 Hardware stack levels used:    1
 This function calls:
		Nothing
 This function is called by:
		_uart_getc
		_uart_reset
		_serialport_service
 This function uses a non-reentrant model


 *************** function _uart_error *****************
 Defined at:
		line 85 in file "src/drivers/uart.c"
 Parameters:    Size  Location     Type
		None
 Auto vars:     Size  Location     Type
		None
 Return value:  Size  Location     Type
                  1    wreg      unsigned char 
 Registers used:
		wreg, status,2
 Tracked objects:
		On entry : 
		On exit  : 
		Unchanged: 
 Data sizes:     COMRAM   BANK0   BANK1   BANK2   BANK3   BANK4   BANK5
      Params:         0       0       0       0       0       0       0
      Locals:         1       0       0       0       0       0       0
      Temps:          0       0       0       0       0       0       0
      Totals:         1       0       0       0       0       0       0
Total ram usage:        1 bytes
 Hardware stack levels used:    1
 This function calls:
		Nothing
 This function is called by:
		_uart_getc
		_uart_reset
 This function uses a non-reentrant model


 *************** function _detection_obtain_analog_service *****************
 Defined at:
		line 137 in file "src/modules/detection.c"
 Parameters:    Size  Location     Type
		None
 Auto vars:     Size  Location     Type
  adc_data        1    2[BANK0 ] unsigned char 
 Return value:  Size  Location     Type
		None               void
 Registers used:
		wreg, fsr0l, fsr0h, fsr2l, fsr2h, status,2, status,0, tblptrl, tblptrh, tblptru, cstack
 Tracked objects:
		On entry : 
		On exit  : 
		Unchanged: 
 Data sizes:     COMRAM   BANK0   BANK1   BANK2   BANK3   BANK4   BANK5
      Params:         0       0       0       0       0       0       0
      Locals:         0       1       0       0       0       0       0
      Temps:          0       0       0       0       0       0       0
      Totals:         0       1       0       0       0       0       0
Total ram usage:        1 bytes
 Hardware stack levels used:    1
 Hardware stack levels required when called:    1
 This function calls:
		_adc_read
		i2_rd_buffer_put
 This function is called by:
		_isr_high
		interrupts@isr_high
 This function uses a non-reentrant model


 *************** function _adc_read *****************
 Defined at:
		line 22 in file "src/drivers/adc.c"
 Parameters:    Size  Location     Type
  adc_number      1    wreg     unsigned char 
 Auto vars:     Size  Location     Type
  adc_number      1   28[COMRAM] unsigned char 
 Return value:  Size  Location     Type
                  2   25[COMRAM] unsigned short 
 Registers used:
		wreg, status,2, status,0
 Tracked objects:
		On entry : 
		On exit  : 
		Unchanged: 
 Data sizes:     COMRAM   BANK0   BANK1   BANK2   BANK3   BANK4   BANK5
      Params:         2       0       0       0       0       0       0
      Locals:         1       0       0       0       0       0       0
      Temps:          1       0       0       0       0       0       0
      Totals:         4       0       0       0       0       0       0
Total ram usage:        4 bytes
 Hardware stack levels used:    1
 This function calls:
		Nothing
 This function is called by:
		_detection_obtain_analog_service
 This function uses a non-reentrant model


 *************** function i2_rd_buffer_put *****************
 Defined at:
		line 148 in file "src/modules/rd_buffer.c"
 Parameters:    Size  Location     Type
  rd_buffer_pu    2   25[COMRAM] PTR struct .
		 -> meas_buffer(107), g_tx_buffer(107), g_rx_buffer(107), 
  rd_buffer_pu    2   27[COMRAM] PTR unsigned char 
		 -> STR_5(6), STR_4(6), STR_3(5), STR_2(5), 
		 -> detection_obtain_analog_service@adc_data(1), parameter_text(127), putch@byte(1), serialport_service@byte(1), 
 Auto vars:     Size  Location     Type
  rd_buffer_pu    2   40[COMRAM] int 
  rd_buffer_pu    2   38[COMRAM] int 
  rd_buffer_pu    2   35[COMRAM] PTR volatile unsigned ch
		 -> meas_buffer(107), g_tx_buffer(107), g_rx_buffer(107), 
  rd_buffer_pu    1   37[COMRAM] unsigned char 
  rd_buffer_pu    1    0        unsigned char 
 Return value:  Size  Location     Type
                  1    wreg      unsigned char 
 Registers used:
		wreg, fsr0l, fsr0h, fsr2l, fsr2h, status,2, status,0, tblptrl, tblptrh, tblptru
 Tracked objects:
		On entry : 
		On exit  : 
		Unchanged: 
 Data sizes:     COMRAM   BANK0   BANK1   BANK2   BANK3   BANK4   BANK5
      Params:         4       0       0       0       0       0       0
      Locals:         8       0       0       0       0       0       0
      Temps:          5       0       0       0       0       0       0
      Totals:        17       0       0       0       0       0       0
Total ram usage:       17 bytes
 Hardware stack levels used:    1
 This function calls:
		Nothing
 This function is called by:
		_serialport_service
		_detection_obtain_analog_service
 This function uses a non-reentrant model


 *************** function interrupts@isr_high *****************
 Defined at:
		line 16 in file "src/interrupts.c"
 Parameters:    Size  Location     Type
		None
 Auto vars:     Size  Location     Type
		None
 Return value:  Size  Location     Type
		None               void
 Registers used:
		wreg, fsr0l, fsr0h, fsr2l, fsr2h, status,2, status,0, tblptrl, tblptrh, tblptru, cstack
 Tracked objects:
		On entry : 
		On exit  : 
		Unchanged: 
 Data sizes:     COMRAM   BANK0   BANK1   BANK2   BANK3   BANK4   BANK5
      Params:         0       0       0       0       0       0       0
      Locals:         0       0       0       0       0       0       0
      Temps:          0       8       0       0       0       0       0
      Totals:         0       8       0       0       0       0       0
Total ram usage:        8 bytes
 Hardware stack levels used:    1
 Hardware stack levels required when called:    4
 This function calls:
		_delay_interrupt_service
		_serialport_service
		_detection_obtain_analog_service
 This function is called by:
		Interrupt level 2
 This function uses a non-reentrant model



MODULE INFORMATION

Module		Function		Class		Link	Load	Size
C:\Program Files\Microchip\xc8\v1.12\sources\doprnt.c
		_printf        		CODE           	0D66	0000	198

C:\Program Files\Microchip\xc8\v1.12\sources\doprnt.c estimated size: 198

src/modules/classic_detector.c
		_cla_add_value 		CODE           	060A	0000	424

src/modules/classic_detector.c estimated size: 424

C:\Program Files\Microchip\xc8\v1.12\sources\lbmod.c
		___lbmod       		CODE           	1B2E	0000	42

C:\Program Files\Microchip\xc8\v1.12\sources\lbmod.c estimated size: 42

src/modules/string_utils.c
		_string_utils_i		CODE           	1BD2	0000	26
		_symb_from_hex_		CODE           	15A4	0000	116
		_string_utils_s		CODE           	13B2	0000	132
		_string_utils_s		CODE           	0FBE	0000	150
		_string_utils_f		CODE           	10E8	0000	148
		_string_utils_s		CODE           	179E	0000	90
		_string_utils_i		CODE           	1BB6	0000	28
		_string_utils_s		CODE           	1054	0000	112
		_string_utils_c		CODE           	132A	0000	136

src/modules/string_utils.c estimated size: 938

src/drivers/delay.c
		_delay_interrup		CODE           	1C50	0000	18
		_delay_ms      		CODE           	1C1A	0000	18

src/drivers/delay.c estimated size: 36

src/startup/startup.c
		_startup       		CODE           	18DE	0000	70

src/startup/startup.c estimated size: 70

src/main.c
		_main          		CODE           	0E54	0000	3526

src/main.c estimated size: 3526

src/drivers/uart.c
		_uart_reset    		CODE           	1B98	0000	30
		_uart_byte_avai		CODE           	1CA0	0000	8
		_uart_init     		CODE           	1B58	0000	32
		_uart_getc     		CODE           	1AD2	0000	48
		_uart_putc     		CODE           	1C2C	0000	18
		_uart_puts     		CODE           	1742	0000	80
		_uart_error    		CODE           	1C72	0000	16
		_uart_byte_sent		CODE           	1C98	0000	8
		_uart_set_baudr		CODE           	1CAE	0000	6

src/drivers/uart.c estimated size: 246

shared
		PL12           		CODE           	07B2	0000	22
		PL50           		CODE           	0AC0	0000	16
		PL8            		CODE           	0504	0000	22
		PL22           		CODE           	07F4	0000	18
		PL60           		CODE           	0D58	0000	14
		PL32           		CODE           	057A	0000	22
		PL42           		CODE           	0E42	0000	18
		PL14           		CODE           	07C8	0000	14
		PL52           		CODE           	05D8	0000	16
		PL24           		CODE           	0536	0000	30
		PL62           		CODE           	1792	0000	12
		PL34           		CODE           	0590	0000	18
		__stringdata   		MEDIUMCONST    	7FCC	0000	50
		PL44           		CODE           	0D46	0000	18
		PL16           		CODE           	10C4	0000	36
		PL54           		CODE           	0C10	0000	14
		PL26           		CODE           	0554	0000	16
		PL64           		CODE           	05F6	0000	12
		PL36           		CODE           	0806	0000	14
		PL46           		CODE           	05B6	0000	18
		_dpowers       		MEDIUMCONST    	7DB2	0000	10
		PL18           		CODE           	07D6	0000	14
		PL56           		CODE           	05E8	0000	14
		PL28           		CODE           	0564	0000	22
		PL66           		CODE           	0602	0000	8
		PL38           		CODE           	05A2	0000	20
		interrupts@isr_		CODE           	007C	0000	116
		PL48           		CODE           	05C8	0000	16
		PL58           		CODE           	0968	0000	14
		i2_rd_buffer_pu		CODE           	0C1E	0000	296
		__initializatio		CODE           	16E4	0000	84
		_syx_param_list		MEDIUMCONST    	7DBC	0000	528
		PL2            		CODE           	04B6	0000	40
		PL10           		CODE           	051A	0000	28
		PL4            		CODE           	04DE	0000	20
		PL20           		CODE           	07E4	0000	16
		PL30           		CODE           	0E2C	0000	22
		PL6            		CODE           	04F2	0000	18
		PL40           		CODE           	0BFE	0000	18

shared estimated size: 1704

src/modules/on_parameter_found.c
		_on_parameter_f		CODE           	1680	0000	100
		_get_parameter 		CODE           	1436	0000	128
		_set_parameter 		CODE           	120E	0000	146

src/modules/on_parameter_found.c estimated size: 374

src/drivers/adc.c
		_adc_read      		CODE           	1924	0000	70
		_adc_init      		CODE           	1C06	0000	20

src/drivers/adc.c estimated size: 90

src/modules/detection.c
		_detection_task		CODE           	152E	0000	118
		_detection_obta		CODE           	1B78	0000	32

src/modules/detection.c estimated size: 150

src/interrupts.c
		_isr_high      		CODE           	0008	0000	116

src/interrupts.c estimated size: 116

C:\Program Files\Microchip\xc8\v1.12\sources\wmul.c
		___wmul        		CODE           	1B02	0000	44

C:\Program Files\Microchip\xc8\v1.12\sources\wmul.c estimated size: 44

src/drivers/gpio.c
		_gpio_init     		CODE           	1C3E	0000	18

src/drivers/gpio.c estimated size: 18

C:\Program Files\Microchip\xc8\v1.12\sources\awmod.c
		___awmod       		CODE           	1618	0000	104

C:\Program Files\Microchip\xc8\v1.12\sources\awmod.c estimated size: 104

C:\Program Files\Microchip\xc8\v1.12\sources\lwmod.c
		___lwmod       		CODE           	19EC	0000	62

C:\Program Files\Microchip\xc8\v1.12\sources\lwmod.c estimated size: 62

src/modules/peak_detector.c
		_pd_add_value  		CODE           	00F4	0000	962

src/modules/peak_detector.c estimated size: 962

C:\Program Files\Microchip\xc8\v1.12\sources\awdiv.c
		___awdiv       		CODE           	14B6	0000	120

C:\Program Files\Microchip\xc8\v1.12\sources\awdiv.c estimated size: 120

src/modules/rd_buffer.c
		_rd_buffer_get 		CODE           	0F16	0000	168
		_rd_buffer_cnt 		CODE           	17F8	0000	82
		_rd_buffer_put 		CODE           	0AD0	0000	302
		_rd_buffer_getn		CODE           	1A2A	0000	60
		_rd_buffer_init		CODE           	19AC	0000	64
		_rd_buffer_read		CODE           	196A	0000	66

src/modules/rd_buffer.c estimated size: 742

C:\Program Files\Microchip\xc8\v1.12\sources\lwdiv.c
		___lwdiv       		CODE           	1894	0000	74

C:\Program Files\Microchip\xc8\v1.12\sources\lwdiv.c estimated size: 74

src/modules/serialport.c
		_serialport_sta		CODE           	1AA0	0000	50
		_putch         		CODE           	1BEC	0000	26
		_serialport_wri		CODE           	184A	0000	74
		_serialport_ser		CODE           	1A66	0000	58
		_serialport_tas		CODE           	12A0	0000	138

src/modules/serialport.c estimated size: 346

src/drivers/sysclk.c
		_sysclk_init   		CODE           	1CA8	0000	6
		_sysclk_setup_i		CODE           	1C62	0000	16

src/drivers/sysclk.c estimated size: 22

src/modules/syntax.c
		_syntax_string 		CODE           	0976	0000	330
		_this_parse_ite		CODE           	0814	0000	340
		_syntax_as_inte		CODE           	1C8E	0000	10
		_syntax_get_tex		CODE           	1C82	0000	12
		_this_variable_		CODE           	117C	0000	146

src/modules/syntax.c estimated size: 838

